#
# There is insufficient memory for the Java Runtime Environment to continue.
# Native memory allocation (mmap) failed to map 61865984 bytes for Failed to commit area from 0x0000000711c00000 to 0x0000000715700000 of length 61865984.
# Possible reasons:
#   The system is out of physical RAM or swap space
#   The process is running with CompressedOops enabled, and the Java Heap may be blocking the growth of the native heap
# Possible solutions:
#   Reduce memory load on the system
#   Increase physical memory or swap space
#   Check if swap backing store is full
#   Decrease Java heap size (-Xmx/-Xms)
#   Decrease number of Java threads
#   Decrease Java thread stack sizes (-Xss)
#   Set larger code cache with -XX:ReservedCodeCacheSize=
#   JVM is running with Zero Based Compressed Oops mode in which the Java heap is
#     placed in the first 32GB address space. The Java Heap base address is the
#     maximum limit for the native heap growth. Please use -XX:HeapBaseMinAddress
#     to set the Java Heap base and to place the Java Heap above 32GB virtual address.
# This output file may be truncated or incomplete.
#
#  Out of Memory Error (./src/hotspot/os/windows/os_windows.cpp:3386), pid=18036, tid=2540
#
# JRE version: OpenJDK Runtime Environment Microsoft-40648 (11.0.16.1+1) (build 11.0.16.1+1-LTS)
# Java VM: OpenJDK 64-Bit Server VM Microsoft-40648 (11.0.16.1+1-LTS, mixed mode, tiered, compressed oops, g1 gc, windows-amd64)
# No core dump will be written. Minidumps are not enabled by default on client versions of Windows
#

---------------  S U M M A R Y ------------

Command Line: org.jetbrains.kotlin.cli.jvm.K2JVMCompiler @C:\flutter\packages\flutter_tools\gradle\build\20260430_16560898256885948910.compiler.options

Host: Intel(R) Core(TM) i7-6600U CPU @ 2.60GHz, 4 cores, 15G,  Windows 10 , 64 bit Build 19041 (10.0.19041.7181)
Time: Thu Apr 30 14:10:45 2026 Paris, Madrid (heure duild 19041 (10.0.19041.7181) elapsed time: 6.698672 seconds (0d 0h 0m 6s)

---------------  T H R E A D  ---------------

Current thread (0x00000185ffcc9800):  VMThread "VM Thread" [stack: 0x000000779a800000,0x000000779a900000] [id=2540]

Stack: [0x000000779a800000,0x000000779a900000]
[error occurred during error reporting (printing stack bounds), id 0xc0000005, EXCEPTION_ACCESS_VIOLATION (0xc0000005) at pc=0x000001858000112d]

Native frames: (J=compiled Java code, j=interpreted, Vv=VM code, C=native code)
V  [jvm.dll+0x62652a]
V  [jvm.dll+0x7b3249]
V  [jvm.dll+0x7b4938]
V  [jvm.dll+0x7b4f75]
V  [jvm.dll+0x7b4f2b]
V  [jvm.dll+0x6258b7]
V  [jvm.dll+0x625fc8]
C  [ntdll.dll+0xa2a1f]
C  [ntdll.dll+0x52554]
C  [ntdll.dll+0xa152e]
C  0x000001858000112d

VM_Operation (0x000000779a2fbb70): G1CollectForAllocation, mode: safepoint, requested by thread 0x00000185e99b4800


---------------  P R O C E S S  ---------------

Threads class SMR info:
_java_thread_list=0x00000185903de670, length=11, elements={
0x00000185e99b4800, 0x00000185ffcce000, 0x00000185ffccf800, 0x000001858f8ed800,
0x000001858f8ef800, 0x000001858f8f1000, 0x000001858f896000, 0x000001858f898000,
0x000001858f957000, 0x000001858fa5c800, 0x000001859c31d800
}

Java Threads: ( => current thread )
  0x00000185e99b4800 JavaThread "main" [_thread_blocked, id=9336, stack(0x000000779a200000,0x000000779a300000)]
  0x00000185ffcce000 JavaThread "Reference Handler" daemon [_thread_blocked, id=18896, stack(0x000000779a900000,0x000000779aa00000)]
  0x00000185ffccf800 JavaThread "Finalizer" daemon [_thread_blocked, id=2408, stack(0x000000779aa00000,0x000000779ab00000)]
  0x000001858f8ed800 JavaThread "Signal Dispatcher" daemon [_thread_blocked, id=4224, stack(0x000000779ab00000,0x000000779ac00000)]
  0x000001858f8ef800 JavaThread "Attach Listener" daemon [_thread_blocked, id=7164, stack(0x000000779ac00000,0x000000779ad00000)]
  0x000001858f8f1000 JavaThread "Service Thread" daemon [_thread_blocked, id=18636, stack(0x000000779ad00000,0x000000779ae00000)]
  0x000001858f896000 JavaThread "C2 CompilerThread0" daemon [_thread_blocked, id=15480, stack(0x000000779ae00000,0x000000779af00000)]
  0x000001858f898000 JavaThread "C1 CompilerThread0" daemon [_thread_blocked, id=21328, stack(0x000000779af00000,0x000000779b000000)]
  0x000001858f957000 JavaThread "Sweeper thread" daemon [_thread_blocked, id=14476, stack(0x000000779b000000,0x000000779b100000)]
  0x000001858fa5c800 JavaThread "Common-Cleaner" daemon [_thread_blocked, id=12524, stack(0x000000779b200000,0x000000779b300000)]
  0x000001859c31d800 JavaThread "C2 CompilerThread1" daemon [_thread_blocked, id=5432, stack(0x000000779b300000,0x000000779b400000)]

Other Threads:
=>0x00000185ffcc9800 VMThread "VM Thread" [stack: 0x000000779a800000,0x000000779a900000] [id=2540]
  0x000001858fa50000 WatcherThread [stack: 0x000000779b100000,0x000000779b200000] [id=24524]
  0x00000185e99cd800 GCTaskThread "GC Thread#0" [stack: 0x000000779a300000,0x000000779a400000] [id=9860]
  0x000001858ff80000 GCTaskThread "GC Thread#1" [stack: 0x000000779b400000,0x000000779b500000] [id=11960]
  0x000001858ff3a000 GCTaskThread "GC Thread#2" [stack: 0x000000779b500000,0x000000779b600000] [id=10488]
  0x000001858ff7b800 GCTaskThread "GC Thread#3" [stack: 0x000000779b600000,0x000000779b700000] [id=21900]
  0x00000185e9a2a800 ConcurrentGCThread "G1 Main Marker" [stack: 0x000000779a400000,0x000000779a500000] [id=21608]
  0x00000185e9a2d000 ConcurrentGCThread "G1 Conc#0" [stack: 0x000000779a500000,0x000000779a600000] [id=22024]
  0x00000185ffbaa800 ConcurrentGCThread "G1 Refine#0" [stack: 0x000000779a600000,0x000000779a700000] [id=15904]
  0x0000018590e78000 ConcurrentGCThread "G1 Refine#1" [stack: 0x000000779b700000,0x000000779b800000] [id=18556]
  0x00000185ffbab000 ConcurrentGCThread "G1 Young RemSet Sampling" [stack: 0x000000779a700000,0x000000779a800000] [id=6684]

Threads with active compile tasks:
C2 CompilerThread1     6719 2922       4       java.lang.String::indexOf (7 bytes)

VM state:at safepoint (normal execution)

VM Mutex/Monitor currently owned by a thread:  ([mutex/lock_event])
[0x00000185e99b07c0] Threads_lock - owner thread: 0x00000185ffcc9800
[0x00000185e99b16f0] Heap_lock - owner thread: 0x00000185e99b4800

Heap address: 0x0000000701c00000, size: 4068 MB, Compressed Oops mode: Zero based, Oop shift amount: 3
Narrow klass base: 0x0000000800000000, Narrow klass shift: 0
Compressed class space size: 1073741824 Address: 0x0000000800000000

Heap:
 garbage-first heap   total 322560K, used 47656K [0x0000000701c00000, 0x0000000800000000)
  region size 1024K, 5 young (5120K), 5 survivors (5120K)
 Metaspace       used 43286K, capacity 44012K, committed 44288K, reserved 1089536K
  class space    used 4981K, capacity 5252K, committed 5376K, reserved 1048576K
Heap Regions: E=young(eden), S=young(survivor), O=old, HS=humongous(starts), HC=humongous(continues), CS=collection set, F=free, A=archive, TAMS=top-at-mark-start (previous, next)
|   0|0x0000000701c00000, 0x0000000701d00000, 0x0000000701d00000|100%|HS|  |TAMS 0x0000000701d00000, 0x0000000701c00000| Complete 
|   1|0x0000000701d00000, 0x0000000701e00000, 0x0000000701e00000|100%|HC|  |TAMS 0x0000000701e00000, 0x0000000701d00000| Complete 
|   2|0x0000000701e00000, 0x0000000701f00000, 0x0000000701f00000|100%|HC|  |TAMS 0x0000000701f00000, 0x0000000701e00000| Complete 
|   3|0x0000000701f00000, 0x0000000702000000, 0x0000000702000000|100%|HS|  |TAMS 0x0000000702000000, 0x0000000701f00000| Complete 
|   4|0x0000000702000000, 0x0000000702100000, 0x0000000702100000|100%| O|  |TAMS 0x0000000702100000, 0x0000000702000000| Untracked 
|   5|0x0000000702100000, 0x0000000702200000, 0x0000000702200000|100%|HS|  |TAMS 0x0000000702200000, 0x0000000702100000| Complete 
|   6|0x0000000702200000, 0x0000000702300000, 0x0000000702300000|100%|HC|  |TAMS 0x0000000702300000, 0x0000000702200000| Complete 
|   7|0x0000000702300000, 0x0000000702400000, 0x0000000702400000|100%|HC|  |TAMS 0x0000000702400000, 0x0000000702300000| Complete 
|   8|0x0000000702400000, 0x0000000702500000, 0x0000000702500000|100%|HC|  |TAMS 0x0000000702500000, 0x0000000702400000| Complete 
|   9|0x0000000702500000, 0x0000000702600000, 0x0000000702600000|100%|HC|  |TAMS 0x0000000702600000, 0x0000000702500000| Complete 
|  10|0x0000000702600000, 0x0000000702700000, 0x0000000702700000|100%|HC|  |TAMS 0x0000000702700000, 0x0000000702600000| Complete 
|  11|0x0000000702700000, 0x0000000702800000, 0x0000000702800000|100%| O|  |TAMS 0x0000000702800000, 0x0000000702700000| Untracked 
|  12|0x0000000702800000, 0x0000000702900000, 0x0000000702900000|100%| O|  |TAMS 0x0000000702900000, 0x0000000702800000| Untracked 
|  13|0x0000000702900000, 0x0000000702a00000, 0x0000000702a00000|100%| O|  |TAMS 0x0000000702a00000, 0x0000000702900000| Untracked 
|  14|0x0000000702a00000, 0x0000000702b00000, 0x0000000702b00000|100%| O|  |TAMS 0x0000000702b00000, 0x0000000702a00000| Untracked 
|  15|0x0000000702b00000, 0x0000000702c00000, 0x0000000702c00000|100%| O|  |TAMS 0x0000000702c00000, 0x0000000702b00000| Untracked 
|  16|0x0000000702c00000, 0x0000000702d00000, 0x0000000702d00000|100%| O|  |TAMS 0x0000000702d00000, 0x0000000702c00000| Untracked 
|  17|0x0000000702d00000, 0x0000000702e00000, 0x0000000702e00000|100%| O|  |TAMS 0x0000000702e00000, 0x0000000702d00000| Untracked 
|  18|0x0000000702e00000, 0x0000000702f00000, 0x0000000702f00000|100%| O|  |TAMS 0x0000000702f00000, 0x0000000702e00000| Untracked 
|  19|0x0000000702f00000, 0x0000000703000000, 0x0000000703000000|100%| O|  |TAMS 0x0000000703000000, 0x0000000702f00000| Untracked 
|  20|0x0000000703000000, 0x0000000703100000, 0x0000000703100000|100%| O|  |TAMS 0x0000000703100000, 0x0000000703000000| Untracked 
|  21|0x0000000703100000, 0x0000000703200000, 0x0000000703200000|100%| O|  |TAMS 0x0000000703100000, 0x0000000703100000| Untracked 
|  22|0x0000000703200000, 0x0000000703300000, 0x0000000703300000|100%|HS|  |TAMS 0x0000000703300000, 0x0000000703200000| Complete 
|  23|0x0000000703300000, 0x0000000703400000, 0x0000000703400000|100%|HS|  |TAMS 0x0000000703400000, 0x0000000703300000| Complete 
|  24|0x0000000703400000, 0x0000000703500000, 0x0000000703500000|100%|HC|  |TAMS 0x0000000703500000, 0x0000000703400000| Complete 
|  25|0x0000000703500000, 0x0000000703600000, 0x0000000703600000|100%|HS|  |TAMS 0x0000000703600000, 0x0000000703500000| Complete 
|  26|0x0000000703600000, 0x0000000703700000, 0x0000000703700000|100%| O|  |TAMS 0x0000000703700000, 0x0000000703600000| Untracked 
|  27|0x0000000703700000, 0x0000000703800000, 0x0000000703800000|100%| O|  |TAMS 0x0000000703800000, 0x0000000703700000| Untracked 
|  28|0x0000000703800000, 0x0000000703900000, 0x0000000703900000|100%| O|  |TAMS 0x0000000703900000, 0x0000000703800000| Untracked 
|  29|0x0000000703900000, 0x0000000703a00000, 0x0000000703a00000|100%| O|  |TAMS 0x0000000703a00000, 0x0000000703900000| Untracked 
|  30|0x0000000703a00000, 0x0000000703b00000, 0x0000000703b00000|100%| O|  |TAMS 0x0000000703b00000, 0x0000000703a00000| Untracked 
|  31|0x0000000703b00000, 0x0000000703c00000, 0x0000000703c00000|100%| O|  |TAMS 0x0000000703c00000, 0x0000000703b00000| Untracked 
|  32|0x0000000703c00000, 0x0000000703d00000, 0x0000000703d00000|100%| O|  |TAMS 0x0000000703d00000, 0x0000000703c00000| Untracked 
|  33|0x0000000703d00000, 0x0000000703e00000, 0x0000000703e00000|100%| O|  |TAMS 0x0000000703e00000, 0x0000000703d00000| Untracked 
|  34|0x0000000703e00000, 0x0000000703f00000, 0x0000000703f00000|100%| O|  |TAMS 0x0000000703f00000, 0x0000000703e00000| Untracked 
|  35|0x0000000703f00000, 0x0000000704000000, 0x0000000704000000|100%| O|  |TAMS 0x0000000704000000, 0x0000000703f00000| Untracked 
|  36|0x0000000704000000, 0x0000000704100000, 0x0000000704100000|100%| O|  |TAMS 0x0000000704100000, 0x0000000704000000| Untracked 
|  37|0x0000000704100000, 0x0000000704200000, 0x0000000704200000|100%| O|  |TAMS 0x0000000704200000, 0x0000000704100000| Untracked 
|  38|0x0000000704200000, 0x0000000704300000, 0x0000000704300000|100%| O|  |TAMS 0x000000070429c400, 0x0000000704200000| Untracked 
|  39|0x0000000704300000, 0x0000000704400000, 0x0000000704400000|100%| O|  |TAMS 0x0000000704300000, 0x0000000704300000| Untracked 
|  40|0x0000000704400000, 0x0000000704500000, 0x0000000704500000|100%| O|  |TAMS 0x0000000704400000, 0x0000000704400000| Untracked 
|  41|0x0000000704500000, 0x0000000704600000, 0x0000000704600000|100%| O|  |TAMS 0x0000000704500000, 0x0000000704500000| Untracked 
|  42|0x0000000704600000, 0x0000000704600000, 0x0000000704700000|  0%| F|  |TAMS 0x0000000704600000, 0x0000000704600000| Untracked 
|  43|0x0000000704700000, 0x0000000704700000, 0x0000000704800000|  0%| F|  |TAMS 0x0000000704700000, 0x0000000704700000| Untracked 
|  44|0x0000000704800000, 0x0000000704800000, 0x0000000704900000|  0%| F|  |TAMS 0x0000000704800000, 0x0000000704800000| Untracked 
|  45|0x0000000704900000, 0x0000000704900000, 0x0000000704a00000|  0%| F|  |TAMS 0x0000000704900000, 0x0000000704900000| Untracked 
|  46|0x0000000704a00000, 0x0000000704a00000, 0x0000000704b00000|  0%| F|  |TAMS 0x0000000704a00000, 0x0000000704a00000| Untracked 
|  47|0x0000000704b00000, 0x0000000704b00000, 0x0000000704c00000|  0%| F|  |TAMS 0x0000000704b00000, 0x0000000704b00000| Untracked 
|  48|0x0000000704c00000, 0x0000000704c00000, 0x0000000704d00000|  0%| F|  |TAMS 0x0000000704c00000, 0x0000000704c00000| Untracked 
|  49|0x0000000704d00000, 0x0000000704d00000, 0x0000000704e00000|  0%| F|  |TAMS 0x0000000704d00000, 0x0000000704d00000| Untracked 
|  50|0x0000000704e00000, 0x0000000704e00000, 0x0000000704f00000|  0%| F|  |TAMS 0x0000000704e00000, 0x0000000704e00000| Untracked 
|  51|0x0000000704f00000, 0x0000000704f00000, 0x0000000705000000|  0%| F|  |TAMS 0x0000000704f00000, 0x0000000704f00000| Untracked 
|  52|0x0000000705000000, 0x0000000705000000, 0x0000000705100000|  0%| F|  |TAMS 0x0000000705000000, 0x0000000705000000| Untracked 
|  53|0x0000000705100000, 0x0000000705100000, 0x0000000705200000|  0%| F|  |TAMS 0x0000000705100000, 0x0000000705100000| Untracked 
|  54|0x0000000705200000, 0x0000000705200000, 0x0000000705300000|  0%| F|  |TAMS 0x0000000705200000, 0x0000000705200000| Untracked 
|  55|0x0000000705300000, 0x0000000705300000, 0x0000000705400000|  0%| F|  |TAMS 0x0000000705300000, 0x0000000705300000| Untracked 
|  56|0x0000000705400000, 0x0000000705400000, 0x0000000705500000|  0%| F|  |TAMS 0x0000000705400000, 0x0000000705400000| Untracked 
|  57|0x0000000705500000, 0x0000000705500000, 0x0000000705600000|  0%| F|  |TAMS 0x0000000705500000, 0x0000000705500000| Untracked 
|  58|0x0000000705600000, 0x0000000705600000, 0x0000000705700000|  0%| F|  |TAMS 0x0000000705600000, 0x0000000705600000| Untracked 
|  59|0x0000000705700000, 0x0000000705700000, 0x0000000705800000|  0%| F|  |TAMS 0x0000000705700000, 0x0000000705700000| Untracked 
|  60|0x0000000705800000, 0x0000000705800000, 0x0000000705900000|  0%| F|  |TAMS 0x0000000705800000, 0x0000000705800000| Untracked 
|  61|0x0000000705900000, 0x0000000705900000, 0x0000000705a00000|  0%| F|  |TAMS 0x0000000705900000, 0x0000000705900000| Untracked 
|  62|0x0000000705a00000, 0x0000000705a00000, 0x0000000705b00000|  0%| F|  |TAMS 0x0000000705a00000, 0x0000000705a00000| Untracked 
|  63|0x0000000705b00000, 0x0000000705b00000, 0x0000000705c00000|  0%| F|  |TAMS 0x0000000705b00000, 0x0000000705b00000| Untracked 
|  64|0x0000000705c00000, 0x0000000705c00000, 0x0000000705d00000|  0%| F|  |TAMS 0x0000000705c00000, 0x0000000705c00000| Untracked 
|  65|0x0000000705d00000, 0x0000000705d00000, 0x0000000705e00000|  0%| F|  |TAMS 0x0000000705d00000, 0x0000000705d00000| Untracked 
|  66|0x0000000705e00000, 0x0000000705e00000, 0x0000000705f00000|  0%| F|  |TAMS 0x0000000705e00000, 0x0000000705e00000| Untracked 
|  67|0x0000000705f00000, 0x0000000705f00000, 0x0000000706000000|  0%| F|  |TAMS 0x0000000705f00000, 0x0000000705f00000| Untracked 
|  68|0x0000000706000000, 0x0000000706000000, 0x0000000706100000|  0%| F|  |TAMS 0x0000000706000000, 0x0000000706000000| Untracked 
|  69|0x0000000706100000, 0x0000000706100000, 0x0000000706200000|  0%| F|  |TAMS 0x0000000706100000, 0x0000000706100000| Untracked 
|  70|0x0000000706200000, 0x0000000706200000, 0x0000000706300000|  0%| F|  |TAMS 0x0000000706200000, 0x0000000706200000| Untracked 
|  71|0x0000000706300000, 0x0000000706300000, 0x0000000706400000|  0%| F|  |TAMS 0x0000000706300000, 0x0000000706300000| Untracked 
|  72|0x0000000706400000, 0x0000000706400000, 0x0000000706500000|  0%| F|  |TAMS 0x0000000706400000, 0x0000000706400000| Untracked 
|  73|0x0000000706500000, 0x0000000706500000, 0x0000000706600000|  0%| F|  |TAMS 0x0000000706500000, 0x0000000706500000| Untracked 
|  74|0x0000000706600000, 0x0000000706600000, 0x0000000706700000|  0%| F|  |TAMS 0x0000000706600000, 0x0000000706600000| Untracked 
|  75|0x0000000706700000, 0x0000000706700000, 0x0000000706800000|  0%| F|  |TAMS 0x0000000706700000, 0x0000000706700000| Untracked 
|  76|0x0000000706800000, 0x0000000706800000, 0x0000000706900000|  0%| F|  |TAMS 0x0000000706800000, 0x0000000706800000| Untracked 
|  77|0x0000000706900000, 0x0000000706900000, 0x0000000706a00000|  0%| F|  |TAMS 0x0000000706900000, 0x0000000706900000| Untracked 
|  78|0x0000000706a00000, 0x0000000706a00000, 0x0000000706b00000|  0%| F|  |TAMS 0x0000000706a00000, 0x0000000706a00000| Untracked 
|  79|0x0000000706b00000, 0x0000000706b00000, 0x0000000706c00000|  0%| F|  |TAMS 0x0000000706b00000, 0x0000000706b00000| Untracked 
|  80|0x0000000706c00000, 0x0000000706c00000, 0x0000000706d00000|  0%| F|  |TAMS 0x0000000706c00000, 0x0000000706c00000| Untracked 
|  81|0x0000000706d00000, 0x0000000706d00000, 0x0000000706e00000|  0%| F|  |TAMS 0x0000000706d00000, 0x0000000706d00000| Untracked 
|  82|0x0000000706e00000, 0x0000000706e00000, 0x0000000706f00000|  0%| F|  |TAMS 0x0000000706e00000, 0x0000000706e00000| Untracked 
|  83|0x0000000706f00000, 0x0000000706f00000, 0x0000000707000000|  0%| F|  |TAMS 0x0000000706f00000, 0x0000000706f00000| Untracked 
|  84|0x0000000707000000, 0x0000000707000000, 0x0000000707100000|  0%| F|  |TAMS 0x0000000707000000, 0x0000000707000000| Untracked 
|  85|0x0000000707100000, 0x0000000707100000, 0x0000000707200000|  0%| F|  |TAMS 0x0000000707100000, 0x0000000707100000| Untracked 
|  86|0x0000000707200000, 0x0000000707200000, 0x0000000707300000|  0%| F|  |TAMS 0x0000000707200000, 0x0000000707200000| Untracked 
|  87|0x0000000707300000, 0x0000000707300000, 0x0000000707400000|  0%| F|  |TAMS 0x0000000707300000, 0x0000000707300000| Untracked 
|  88|0x0000000707400000, 0x0000000707400000, 0x0000000707500000|  0%| F|  |TAMS 0x0000000707400000, 0x0000000707400000| Untracked 
|  89|0x0000000707500000, 0x0000000707500000, 0x0000000707600000|  0%| F|  |TAMS 0x0000000707500000, 0x0000000707500000| Untracked 
|  90|0x0000000707600000, 0x0000000707600000, 0x0000000707700000|  0%| F|  |TAMS 0x0000000707600000, 0x0000000707600000| Untracked 
|  91|0x0000000707700000, 0x0000000707700000, 0x0000000707800000|  0%| F|  |TAMS 0x0000000707700000, 0x0000000707700000| Untracked 
|  92|0x0000000707800000, 0x0000000707800000, 0x0000000707900000|  0%| F|  |TAMS 0x0000000707800000, 0x0000000707800000| Untracked 
|  93|0x0000000707900000, 0x0000000707900000, 0x0000000707a00000|  0%| F|  |TAMS 0x0000000707900000, 0x0000000707900000| Untracked 
|  94|0x0000000707a00000, 0x0000000707a00000, 0x0000000707b00000|  0%| F|  |TAMS 0x0000000707a00000, 0x0000000707a00000| Untracked 
|  95|0x0000000707b00000, 0x0000000707b00000, 0x0000000707c00000|  0%| F|  |TAMS 0x0000000707b00000, 0x0000000707b00000| Untracked 
|  96|0x0000000707c00000, 0x0000000707c00000, 0x0000000707d00000|  0%| F|  |TAMS 0x0000000707c00000, 0x0000000707c00000| Untracked 
|  97|0x0000000707d00000, 0x0000000707d00000, 0x0000000707e00000|  0%| F|  |TAMS 0x0000000707d00000, 0x0000000707d00000| Untracked 
|  98|0x0000000707e00000, 0x0000000707e00000, 0x0000000707f00000|  0%| F|  |TAMS 0x0000000707e00000, 0x0000000707e00000| Untracked 
|  99|0x0000000707f00000, 0x0000000707f00000, 0x0000000708000000|  0%| F|  |TAMS 0x0000000707f00000, 0x0000000707f00000| Untracked 
| 100|0x0000000708000000, 0x0000000708000000, 0x0000000708100000|  0%| F|  |TAMS 0x0000000708000000, 0x0000000708000000| Untracked 
| 101|0x0000000708100000, 0x0000000708100000, 0x0000000708200000|  0%| F|  |TAMS 0x0000000708100000, 0x0000000708100000| Untracked 
| 102|0x0000000708200000, 0x0000000708200000, 0x0000000708300000|  0%| F|  |TAMS 0x0000000708200000, 0x0000000708200000| Untracked 
| 103|0x0000000708300000, 0x0000000708300000, 0x0000000708400000|  0%| F|  |TAMS 0x0000000708300000, 0x0000000708300000| Untracked 
| 104|0x0000000708400000, 0x0000000708400000, 0x0000000708500000|  0%| F|  |TAMS 0x0000000708400000, 0x0000000708400000| Untracked 
| 105|0x0000000708500000, 0x0000000708500000, 0x0000000708600000|  0%| F|  |TAMS 0x0000000708500000, 0x0000000708500000| Untracked 
| 106|0x0000000708600000, 0x0000000708600000, 0x0000000708700000|  0%| F|  |TAMS 0x0000000708600000, 0x0000000708600000| Untracked 
| 107|0x0000000708700000, 0x0000000708700000, 0x0000000708800000|  0%| F|  |TAMS 0x0000000708700000, 0x0000000708700000| Untracked 
| 108|0x0000000708800000, 0x0000000708800000, 0x0000000708900000|  0%| F|  |TAMS 0x0000000708800000, 0x0000000708800000| Untracked 
| 109|0x0000000708900000, 0x0000000708900000, 0x0000000708a00000|  0%| F|  |TAMS 0x0000000708900000, 0x0000000708900000| Untracked 
| 110|0x0000000708a00000, 0x0000000708a00000, 0x0000000708b00000|  0%| F|  |TAMS 0x0000000708a00000, 0x0000000708a00000| Untracked 
| 111|0x0000000708b00000, 0x0000000708b00000, 0x0000000708c00000|  0%| F|  |TAMS 0x0000000708b00000, 0x0000000708b00000| Untracked 
| 112|0x0000000708c00000, 0x0000000708c00000, 0x0000000708d00000|  0%| F|  |TAMS 0x0000000708c00000, 0x0000000708c00000| Untracked 
| 113|0x0000000708d00000, 0x0000000708d00000, 0x0000000708e00000|  0%| F|  |TAMS 0x0000000708d00000, 0x0000000708d00000| Untracked 
| 114|0x0000000708e00000, 0x0000000708e00000, 0x0000000708f00000|  0%| F|  |TAMS 0x0000000708e00000, 0x0000000708e00000| Untracked 
| 115|0x0000000708f00000, 0x0000000708f00000, 0x0000000709000000|  0%| F|  |TAMS 0x0000000708f00000, 0x0000000708f00000| Untracked 
| 116|0x0000000709000000, 0x0000000709000000, 0x0000000709100000|  0%| F|  |TAMS 0x0000000709000000, 0x0000000709000000| Untracked 
| 117|0x0000000709100000, 0x0000000709100000, 0x0000000709200000|  0%| F|  |TAMS 0x0000000709100000, 0x0000000709100000| Untracked 
| 118|0x0000000709200000, 0x0000000709200000, 0x0000000709300000|  0%| F|  |TAMS 0x0000000709200000, 0x0000000709200000| Untracked 
| 119|0x0000000709300000, 0x0000000709300000, 0x0000000709400000|  0%| F|  |TAMS 0x0000000709300000, 0x0000000709300000| Untracked 
| 120|0x0000000709400000, 0x0000000709400000, 0x0000000709500000|  0%| F|  |TAMS 0x0000000709400000, 0x0000000709400000| Untracked 
| 121|0x0000000709500000, 0x0000000709500000, 0x0000000709600000|  0%| F|  |TAMS 0x0000000709500000, 0x0000000709500000| Untracked 
| 122|0x0000000709600000, 0x0000000709600000, 0x0000000709700000|  0%| F|  |TAMS 0x0000000709600000, 0x0000000709600000| Untracked 
| 123|0x0000000709700000, 0x0000000709700000, 0x0000000709800000|  0%| F|  |TAMS 0x0000000709700000, 0x0000000709700000| Untracked 
| 124|0x0000000709800000, 0x0000000709800000, 0x0000000709900000|  0%| F|  |TAMS 0x0000000709800000, 0x0000000709800000| Untracked 
| 125|0x0000000709900000, 0x0000000709900000, 0x0000000709a00000|  0%| F|  |TAMS 0x0000000709900000, 0x0000000709900000| Untracked 
| 126|0x0000000709a00000, 0x0000000709a00000, 0x0000000709b00000|  0%| F|  |TAMS 0x0000000709a00000, 0x0000000709a00000| Untracked 
| 127|0x0000000709b00000, 0x0000000709b00000, 0x0000000709c00000|  0%| F|  |TAMS 0x0000000709b00000, 0x0000000709b00000| Untracked 
| 128|0x0000000709c00000, 0x0000000709c00000, 0x0000000709d00000|  0%| F|  |TAMS 0x0000000709c00000, 0x0000000709c00000| Untracked 
| 129|0x0000000709d00000, 0x0000000709d00000, 0x0000000709e00000|  0%| F|  |TAMS 0x0000000709d00000, 0x0000000709d00000| Untracked 
| 130|0x0000000709e00000, 0x0000000709e00000, 0x0000000709f00000|  0%| F|  |TAMS 0x0000000709e00000, 0x0000000709e00000| Untracked 
| 131|0x0000000709f00000, 0x0000000709f00000, 0x000000070a000000|  0%| F|  |TAMS 0x0000000709f00000, 0x0000000709f00000| Untracked 
| 132|0x000000070a000000, 0x000000070a000000, 0x000000070a100000|  0%| F|  |TAMS 0x000000070a000000, 0x000000070a000000| Untracked 
| 133|0x000000070a100000, 0x000000070a100000, 0x000000070a200000|  0%| F|  |TAMS 0x000000070a100000, 0x000000070a100000| Untracked 
| 134|0x000000070a200000, 0x000000070a200000, 0x000000070a300000|  0%| F|  |TAMS 0x000000070a200000, 0x000000070a200000| Untracked 
| 135|0x000000070a300000, 0x000000070a300000, 0x000000070a400000|  0%| F|  |TAMS 0x000000070a300000, 0x000000070a300000| Untracked 
| 136|0x000000070a400000, 0x000000070a400000, 0x000000070a500000|  0%| F|  |TAMS 0x000000070a400000, 0x000000070a400000| Untracked 
| 137|0x000000070a500000, 0x000000070a500000, 0x000000070a600000|  0%| F|  |TAMS 0x000000070a500000, 0x000000070a500000| Untracked 
| 138|0x000000070a600000, 0x000000070a600000, 0x000000070a700000|  0%| F|  |TAMS 0x000000070a600000, 0x000000070a600000| Untracked 
| 139|0x000000070a700000, 0x000000070a700000, 0x000000070a800000|  0%| F|  |TAMS 0x000000070a700000, 0x000000070a700000| Untracked 
| 140|0x000000070a800000, 0x000000070a800000, 0x000000070a900000|  0%| F|  |TAMS 0x000000070a800000, 0x000000070a800000| Untracked 
| 141|0x000000070a900000, 0x000000070a900000, 0x000000070aa00000|  0%| F|  |TAMS 0x000000070a900000, 0x000000070a900000| Untracked 
| 142|0x000000070aa00000, 0x000000070aa00000, 0x000000070ab00000|  0%| F|  |TAMS 0x000000070aa00000, 0x000000070aa00000| Untracked 
| 143|0x000000070ab00000, 0x000000070ab00000, 0x000000070ac00000|  0%| F|  |TAMS 0x000000070ab00000, 0x000000070ab00000| Untracked 
| 144|0x000000070ac00000, 0x000000070ac00000, 0x000000070ad00000|  0%| F|  |TAMS 0x000000070ac00000, 0x000000070ac00000| Untracked 
| 145|0x000000070ad00000, 0x000000070ad00000, 0x000000070ae00000|  0%| F|  |TAMS 0x000000070ad00000, 0x000000070ad00000| Untracked 
| 146|0x000000070ae00000, 0x000000070ae00000, 0x000000070af00000|  0%| F|  |TAMS 0x000000070ae00000, 0x000000070ae00000| Untracked 
| 147|0x000000070af00000, 0x000000070af00000, 0x000000070b000000|  0%| F|  |TAMS 0x000000070af00000, 0x000000070af00000| Untracked 
| 148|0x000000070b000000, 0x000000070b000000, 0x000000070b100000|  0%| F|  |TAMS 0x000000070b000000, 0x000000070b000000| Untracked 
| 149|0x000000070b100000, 0x000000070b100000, 0x000000070b200000|  0%| F|  |TAMS 0x000000070b100000, 0x000000070b100000| Untracked 
| 150|0x000000070b200000, 0x000000070b200000, 0x000000070b300000|  0%| F|  |TAMS 0x000000070b200000, 0x000000070b200000| Untracked 
| 151|0x000000070b300000, 0x000000070b300000, 0x000000070b400000|  0%| F|  |TAMS 0x000000070b300000, 0x000000070b300000| Untracked 
| 152|0x000000070b400000, 0x000000070b400000, 0x000000070b500000|  0%| F|  |TAMS 0x000000070b400000, 0x000000070b400000| Untracked 
| 153|0x000000070b500000, 0x000000070b500000, 0x000000070b600000|  0%| F|  |TAMS 0x000000070b500000, 0x000000070b500000| Untracked 
| 154|0x000000070b600000, 0x000000070b600000, 0x000000070b700000|  0%| F|  |TAMS 0x000000070b600000, 0x000000070b600000| Untracked 
| 155|0x000000070b700000, 0x000000070b700000, 0x000000070b800000|  0%| F|  |TAMS 0x000000070b700000, 0x000000070b700000| Untracked 
| 156|0x000000070b800000, 0x000000070b800000, 0x000000070b900000|  0%| F|  |TAMS 0x000000070b800000, 0x000000070b800000| Untracked 
| 157|0x000000070b900000, 0x000000070b900000, 0x000000070ba00000|  0%| F|  |TAMS 0x000000070b900000, 0x000000070b900000| Untracked 
| 158|0x000000070ba00000, 0x000000070ba00000, 0x000000070bb00000|  0%| F|  |TAMS 0x000000070ba00000, 0x000000070ba00000| Untracked 
| 159|0x000000070bb00000, 0x000000070bb00000, 0x000000070bc00000|  0%| F|  |TAMS 0x000000070bb00000, 0x000000070bb00000| Untracked 
| 160|0x000000070bc00000, 0x000000070bc00000, 0x000000070bd00000|  0%| F|  |TAMS 0x000000070bc00000, 0x000000070bc00000| Untracked 
| 161|0x000000070bd00000, 0x000000070bd00000, 0x000000070be00000|  0%| F|  |TAMS 0x000000070bd00000, 0x000000070bd00000| Untracked 
| 162|0x000000070be00000, 0x000000070be00000, 0x000000070bf00000|  0%| F|  |TAMS 0x000000070be00000, 0x000000070be00000| Untracked 
| 163|0x000000070bf00000, 0x000000070bf00000, 0x000000070c000000|  0%| F|  |TAMS 0x000000070bf00000, 0x000000070bf00000| Untracked 
| 164|0x000000070c000000, 0x000000070c000000, 0x000000070c100000|  0%| F|  |TAMS 0x000000070c000000, 0x000000070c000000| Untracked 
| 165|0x000000070c100000, 0x000000070c100000, 0x000000070c200000|  0%| F|  |TAMS 0x000000070c100000, 0x000000070c100000| Untracked 
| 166|0x000000070c200000, 0x000000070c200000, 0x000000070c300000|  0%| F|  |TAMS 0x000000070c200000, 0x000000070c200000| Untracked 
| 167|0x000000070c300000, 0x000000070c300000, 0x000000070c400000|  0%| F|  |TAMS 0x000000070c300000, 0x000000070c300000| Untracked 
| 168|0x000000070c400000, 0x000000070c400000, 0x000000070c500000|  0%| F|  |TAMS 0x000000070c400000, 0x000000070c400000| Untracked 
| 169|0x000000070c500000, 0x000000070c500000, 0x000000070c600000|  0%| F|  |TAMS 0x000000070c500000, 0x000000070c500000| Untracked 
| 170|0x000000070c600000, 0x000000070c600000, 0x000000070c700000|  0%| F|  |TAMS 0x000000070c600000, 0x000000070c600000| Untracked 
| 171|0x000000070c700000, 0x000000070c700000, 0x000000070c800000|  0%| F|  |TAMS 0x000000070c700000, 0x000000070c700000| Untracked 
| 172|0x000000070c800000, 0x000000070c800000, 0x000000070c900000|  0%| F|  |TAMS 0x000000070c800000, 0x000000070c800000| Untracked 
| 173|0x000000070c900000, 0x000000070c900000, 0x000000070ca00000|  0%| F|  |TAMS 0x000000070c900000, 0x000000070c900000| Untracked 
| 174|0x000000070ca00000, 0x000000070ca00000, 0x000000070cb00000|  0%| F|  |TAMS 0x000000070ca00000, 0x000000070ca00000| Untracked 
| 175|0x000000070cb00000, 0x000000070cb00000, 0x000000070cc00000|  0%| F|  |TAMS 0x000000070cb00000, 0x000000070cb00000| Untracked 
| 176|0x000000070cc00000, 0x000000070cc00000, 0x000000070cd00000|  0%| F|  |TAMS 0x000000070cc00000, 0x000000070cc00000| Untracked 
| 177|0x000000070cd00000, 0x000000070cd00000, 0x000000070ce00000|  0%| F|  |TAMS 0x000000070cd00000, 0x000000070cd00000| Untracked 
| 178|0x000000070ce00000, 0x000000070ce00000, 0x000000070cf00000|  0%| F|  |TAMS 0x000000070ce00000, 0x000000070ce00000| Untracked 
| 179|0x000000070cf00000, 0x000000070cf00000, 0x000000070d000000|  0%| F|  |TAMS 0x000000070cf00000, 0x000000070cf00000| Untracked 
| 180|0x000000070d000000, 0x000000070d000000, 0x000000070d100000|  0%| F|  |TAMS 0x000000070d000000, 0x000000070d000000| Untracked 
| 181|0x000000070d100000, 0x000000070d100000, 0x000000070d200000|  0%| F|  |TAMS 0x000000070d100000, 0x000000070d100000| Untracked 
| 182|0x000000070d200000, 0x000000070d200000, 0x000000070d300000|  0%| F|  |TAMS 0x000000070d200000, 0x000000070d200000| Untracked 
| 183|0x000000070d300000, 0x000000070d300000, 0x000000070d400000|  0%| F|  |TAMS 0x000000070d300000, 0x000000070d300000| Untracked 
| 184|0x000000070d400000, 0x000000070d400000, 0x000000070d500000|  0%| F|  |TAMS 0x000000070d400000, 0x000000070d400000| Untracked 
| 185|0x000000070d500000, 0x000000070d500000, 0x000000070d600000|  0%| F|  |TAMS 0x000000070d500000, 0x000000070d500000| Untracked 
| 186|0x000000070d600000, 0x000000070d600000, 0x000000070d700000|  0%| F|  |TAMS 0x000000070d600000, 0x000000070d600000| Untracked 
| 187|0x000000070d700000, 0x000000070d700000, 0x000000070d800000|  0%| F|  |TAMS 0x000000070d700000, 0x000000070d700000| Untracked 
| 188|0x000000070d800000, 0x000000070d800000, 0x000000070d900000|  0%| F|  |TAMS 0x000000070d800000, 0x000000070d800000| Untracked 
| 189|0x000000070d900000, 0x000000070d900000, 0x000000070da00000|  0%| F|  |TAMS 0x000000070d900000, 0x000000070d900000| Untracked 
| 190|0x000000070da00000, 0x000000070da00000, 0x000000070db00000|  0%| F|  |TAMS 0x000000070da00000, 0x000000070da00000| Untracked 
| 191|0x000000070db00000, 0x000000070db00000, 0x000000070dc00000|  0%| F|  |TAMS 0x000000070db00000, 0x000000070db00000| Untracked 
| 192|0x000000070dc00000, 0x000000070dc00000, 0x000000070dd00000|  0%| F|  |TAMS 0x000000070dc00000, 0x000000070dc00000| Untracked 
| 193|0x000000070dd00000, 0x000000070dd00000, 0x000000070de00000|  0%| F|  |TAMS 0x000000070dd00000, 0x000000070dd00000| Untracked 
| 194|0x000000070de00000, 0x000000070de00000, 0x000000070df00000|  0%| F|  |TAMS 0x000000070de00000, 0x000000070de00000| Untracked 
| 195|0x000000070df00000, 0x000000070df00000, 0x000000070e000000|  0%| F|  |TAMS 0x000000070df00000, 0x000000070df00000| Untracked 
| 196|0x000000070e000000, 0x000000070e000000, 0x000000070e100000|  0%| F|  |TAMS 0x000000070e000000, 0x000000070e000000| Untracked 
| 197|0x000000070e100000, 0x000000070e100000, 0x000000070e200000|  0%| F|  |TAMS 0x000000070e100000, 0x000000070e100000| Untracked 
| 198|0x000000070e200000, 0x000000070e200000, 0x000000070e300000|  0%| F|  |TAMS 0x000000070e200000, 0x000000070e200000| Untracked 
| 199|0x000000070e300000, 0x000000070e300000, 0x000000070e400000|  0%| F|  |TAMS 0x000000070e300000, 0x000000070e300000| Untracked 
| 200|0x000000070e400000, 0x000000070e400000, 0x000000070e500000|  0%| F|  |TAMS 0x000000070e400000, 0x000000070e400000| Untracked 
| 201|0x000000070e500000, 0x000000070e500000, 0x000000070e600000|  0%| F|  |TAMS 0x000000070e500000, 0x000000070e500000| Untracked 
| 202|0x000000070e600000, 0x000000070e600000, 0x000000070e700000|  0%| F|  |TAMS 0x000000070e600000, 0x000000070e600000| Untracked 
| 203|0x000000070e700000, 0x000000070e700000, 0x000000070e800000|  0%| F|  |TAMS 0x000000070e700000, 0x000000070e700000| Untracked 
| 204|0x000000070e800000, 0x000000070e800000, 0x000000070e900000|  0%| F|  |TAMS 0x000000070e800000, 0x000000070e800000| Untracked 
| 205|0x000000070e900000, 0x000000070e98a3f0, 0x000000070ea00000| 54%| S|CS|TAMS 0x000000070e900000, 0x000000070e900000| Complete 
| 206|0x000000070ea00000, 0x000000070eb00000, 0x000000070eb00000|100%| S|CS|TAMS 0x000000070ea00000, 0x000000070ea00000| Complete 
| 207|0x000000070eb00000, 0x000000070ec00000, 0x000000070ec00000|100%| S|CS|TAMS 0x000000070eb00000, 0x000000070eb00000| Complete 
| 208|0x000000070ec00000, 0x000000070ed00000, 0x000000070ed00000|100%| S|CS|TAMS 0x000000070ec00000, 0x000000070ec00000| Complete 
| 209|0x000000070ed00000, 0x000000070ee00000, 0x000000070ee00000|100%| S|CS|TAMS 0x000000070ed00000, 0x000000070ed00000| Complete 
| 210|0x000000070ee00000, 0x000000070ee00000, 0x000000070ef00000|  0%| F|  |TAMS 0x000000070ee00000, 0x000000070ee00000| Untracked 
| 211|0x000000070ef00000, 0x000000070ef00000, 0x000000070f000000|  0%| F|  |TAMS 0x000000070ef00000, 0x000000070ef00000| Untracked 
| 212|0x000000070f000000, 0x000000070f000000, 0x000000070f100000|  0%| F|  |TAMS 0x000000070f000000, 0x000000070f000000| Untracked 
| 213|0x000000070f100000, 0x000000070f100000, 0x000000070f200000|  0%| F|  |TAMS 0x000000070f100000, 0x000000070f100000| Untracked 
| 214|0x000000070f200000, 0x000000070f200000, 0x000000070f300000|  0%| F|  |TAMS 0x000000070f200000, 0x000000070f200000| Untracked 
| 215|0x000000070f300000, 0x000000070f300000, 0x000000070f400000|  0%| F|  |TAMS 0x000000070f300000, 0x000000070f300000| Untracked 
| 216|0x000000070f400000, 0x000000070f400000, 0x000000070f500000|  0%| F|  |TAMS 0x000000070f400000, 0x000000070f400000| Untracked 
| 217|0x000000070f500000, 0x000000070f500000, 0x000000070f600000|  0%| F|  |TAMS 0x000000070f500000, 0x000000070f500000| Untracked 
| 218|0x000000070f600000, 0x000000070f600000, 0x000000070f700000|  0%| F|  |TAMS 0x000000070f600000, 0x000000070f600000| Untracked 
| 219|0x000000070f700000, 0x000000070f700000, 0x000000070f800000|  0%| F|  |TAMS 0x000000070f700000, 0x000000070f700000| Untracked 
| 220|0x000000070f800000, 0x000000070f800000, 0x000000070f900000|  0%| F|  |TAMS 0x000000070f800000, 0x000000070f800000| Untracked 
| 221|0x000000070f900000, 0x000000070f900000, 0x000000070fa00000|  0%| F|  |TAMS 0x000000070f900000, 0x000000070f900000| Untracked 
| 222|0x000000070fa00000, 0x000000070fa00000, 0x000000070fb00000|  0%| F|  |TAMS 0x000000070fa00000, 0x000000070fa00000| Untracked 
| 223|0x000000070fb00000, 0x000000070fb00000, 0x000000070fc00000|  0%| F|  |TAMS 0x000000070fb00000, 0x000000070fb00000| Untracked 
| 224|0x000000070fc00000, 0x000000070fc00000, 0x000000070fd00000|  0%| F|  |TAMS 0x000000070fc00000, 0x000000070fc00000| Untracked 
| 225|0x000000070fd00000, 0x000000070fd00000, 0x000000070fe00000|  0%| F|  |TAMS 0x000000070fd00000, 0x000000070fd00000| Untracked 
| 226|0x000000070fe00000, 0x000000070fe00000, 0x000000070ff00000|  0%| F|  |TAMS 0x000000070fe00000, 0x000000070fe00000| Untracked 
| 227|0x000000070ff00000, 0x000000070ff00000, 0x0000000710000000|  0%| F|  |TAMS 0x000000070ff00000, 0x000000070ff00000| Untracked 
| 228|0x0000000710000000, 0x0000000710000000, 0x0000000710100000|  0%| F|  |TAMS 0x0000000710000000, 0x0000000710000000| Untracked 
| 229|0x0000000710100000, 0x0000000710100000, 0x0000000710200000|  0%| F|  |TAMS 0x0000000710100000, 0x0000000710100000| Untracked 
| 230|0x0000000710200000, 0x0000000710200000, 0x0000000710300000|  0%| F|  |TAMS 0x0000000710200000, 0x0000000710200000| Untracked 
| 231|0x0000000710300000, 0x0000000710300000, 0x0000000710400000|  0%| F|  |TAMS 0x0000000710300000, 0x0000000710300000| Untracked 
| 232|0x0000000710400000, 0x0000000710400000, 0x0000000710500000|  0%| F|  |TAMS 0x0000000710400000, 0x0000000710400000| Untracked 
| 233|0x0000000710500000, 0x0000000710500000, 0x0000000710600000|  0%| F|  |TAMS 0x0000000710500000, 0x0000000710500000| Untracked 
| 234|0x0000000710600000, 0x0000000710600000, 0x0000000710700000|  0%| F|  |TAMS 0x0000000710600000, 0x0000000710600000| Untracked 
| 235|0x0000000710700000, 0x0000000710700000, 0x0000000710800000|  0%| F|  |TAMS 0x0000000710700000, 0x0000000710700000| Untracked 
| 236|0x0000000710800000, 0x0000000710800000, 0x0000000710900000|  0%| F|  |TAMS 0x0000000710800000, 0x0000000710800000| Untracked 
| 237|0x0000000710900000, 0x0000000710900000, 0x0000000710a00000|  0%| F|  |TAMS 0x0000000710900000, 0x0000000710900000| Untracked 
| 238|0x0000000710a00000, 0x0000000710a00000, 0x0000000710b00000|  0%| F|  |TAMS 0x0000000710a00000, 0x0000000710a00000| Untracked 
| 239|0x0000000710b00000, 0x0000000710b00000, 0x0000000710c00000|  0%| F|  |TAMS 0x0000000710b00000, 0x0000000710b00000| Untracked 
| 240|0x0000000710c00000, 0x0000000710c00000, 0x0000000710d00000|  0%| F|  |TAMS 0x0000000710c00000, 0x0000000710c00000| Untracked 
| 241|0x0000000710d00000, 0x0000000710d00000, 0x0000000710e00000|  0%| F|  |TAMS 0x0000000710d00000, 0x0000000710d00000| Untracked 
| 242|0x0000000710e00000, 0x0000000710e00000, 0x0000000710f00000|  0%| F|  |TAMS 0x0000000710e00000, 0x0000000710e00000| Untracked 
| 243|0x0000000710f00000, 0x0000000710f00000, 0x0000000711000000|  0%| F|  |TAMS 0x0000000710f00000, 0x0000000710f00000| Untracked 
| 244|0x0000000711000000, 0x0000000711000000, 0x0000000711100000|  0%| F|  |TAMS 0x0000000711000000, 0x0000000711000000| Untracked 
| 245|0x0000000711100000, 0x0000000711100000, 0x0000000711200000|  0%| F|  |TAMS 0x0000000711100000, 0x0000000711100000| Untracked 
| 246|0x0000000711200000, 0x0000000711200000, 0x0000000711300000|  0%| F|  |TAMS 0x0000000711200000, 0x0000000711200000| Untracked 
| 247|0x0000000711300000, 0x0000000711300000, 0x0000000711400000|  0%| F|  |TAMS 0x0000000711300000, 0x0000000711300000| Untracked 
| 248|0x0000000711400000, 0x0000000711400000, 0x0000000711500000|  0%| F|  |TAMS 0x0000000711400000, 0x0000000711400000| Untracked 
| 249|0x0000000711500000, 0x0000000711500000, 0x0000000711600000|  0%| F|  |TAMS 0x0000000711500000, 0x0000000711500000| Untracked 
| 250|0x0000000711600000, 0x0000000711600000, 0x0000000711700000|  0%| F|  |TAMS 0x0000000711600000, 0x0000000711600000| Untracked 
| 251|0x0000000711700000, 0x0000000711700000, 0x0000000711800000|  0%| F|  |TAMS 0x0000000711700000, 0x0000000711700000| Untracked 
| 252|0x0000000711800000, 0x0000000711800000, 0x0000000711900000|  0%| F|  |TAMS 0x0000000711800000, 0x0000000711800000| Untracked 
| 253|0x0000000711900000, 0x0000000711900000, 0x0000000711a00000|  0%| F|  |TAMS 0x0000000711900000, 0x0000000711900000| Untracked 
| 254|0x0000000711a00000, 0x0000000711a00000, 0x0000000711b00000|  0%| F|  |TAMS 0x0000000711a00000, 0x0000000711a00000| Untracked 
| 255|0x0000000711b00000, 0x0000000711b00000, 0x0000000711c00000|  0%| F|  |TAMS 0x0000000711b00000, 0x0000000711b00000| Untracked 

Card table byte_map: [0x00000185f4710000,0x00000185f4f10000] _byte_map_base: 0x00000185f0f02000

Marking Bits (Prev, Next): (CMBitMap*) 0x00000185e9a18d08, (CMBitMap*) 0x00000185e9a18d40
 Prev Bits: [0x00000185f5710000, 0x00000185f96a0000)
 Next Bits: [0x00000185f96a0000, 0x00000185fd630000)

Polling page: 0x00000185f38c0000

Metaspace:

Usage:
  Non-class:     37.85 MB capacity,    37.41 MB ( 99%) used,   373.29 KB ( <1%) free+waste,    82.56 KB ( <1%) overhead. 
      Class:      5.13 MB capacity,     4.87 MB ( 95%) used,   232.38 KB (  4%) free+waste,    37.69 KB ( <1%) overhead. 
       Both:     42.98 MB capacity,    42.27 MB ( 98%) used,   605.67 KB (  1%) free+waste,   120.25 KB ( <1%) overhead. 

Virtual space:
  Non-class space:       40.00 MB reserved,      38.00 MB ( 95%) committed 
      Class space:        1.00 GB reserved,       5.25 MB ( <1%) committed 
             Both:        1.04 GB reserved,      43.25 MB (  4%) committed 

Chunk freelists:
   Non-Class:  24.00 KB
       Class:  0 bytes
        Both:  24.00 KB

MaxMetaspaceSize: 17179869184.00 GB
CompressedClassSpaceSize: 1.00 GB
Initial GC threshold: 20.80 MB
Current GC threshold: 58.75 MB
CDS: off

CodeHeap 'non-profiled nmethods': size=120064Kb used=1391Kb max_used=1391Kb free=118672Kb
 bounds [0x0000018587ac0000, 0x0000018587d30000, 0x000001858f000000]
CodeHeap 'profiled nmethods': size=120000Kb used=6073Kb max_used=6073Kb free=113926Kb
 bounds [0x0000018580590000, 0x0000018580b80000, 0x0000018587ac0000]
CodeHeap 'non-nmethods': size=5696Kb used=1258Kb max_used=1298Kb free=4437Kb
 bounds [0x0000018580000000, 0x0000018580270000, 0x0000018580590000]
 total_blobs=3432 nmethods=2896 adapters=448
 compilation: enabled
              stopped_count=0, restarted_count=0
 full_count=0

Compilation events (20 events):
Event: 6.634 Thread 0x000001859c31d800 2910       4       org.jetbrains.kotlin.com.intellij.psi.PsiInvalidElementAccessException::setInvalidationTrace (20 bytes)
Event: 6.635 Thread 0x000001859c31d800 nmethod 2910 0x0000018587c14f10 code [0x0000018587c150a0, 0x0000018587c15138]
Event: 6.635 Thread 0x000001859c31d800 2807       4       org.jetbrains.kotlin.com.intellij.lang.impl.PsiBuilderAdapter::getTokenType (10 bytes)
Event: 6.636 Thread 0x000001859c31d800 nmethod 2807 0x0000018587c15210 code [0x0000018587c153c0, 0x0000018587c15468]
Event: 6.642 Thread 0x000001859c31d800 2915       4       org.jetbrains.kotlin.com.intellij.psi.impl.source.tree.TreeElement::getElementType (14 bytes)
Event: 6.642 Thread 0x000001858f898000 2916       3       org.jetbrains.kotlin.com.intellij.psi.impl.source.SourceTreeToPsiMap::treeElementToPsi (15 bytes)
Event: 6.643 Thread 0x000001858f898000 nmethod 2916 0x0000018580b7bc10 code [0x0000018580b7bde0, 0x0000018580b7bfe8]
Event: 6.643 Thread 0x000001859c31d800 nmethod 2915 0x0000018587c15590 code [0x0000018587c15720, 0x0000018587c15798]
Event: 6.644 Thread 0x000001858f898000 2917       3       org.jetbrains.kotlin.com.intellij.psi.impl.source.tree.LeafPsiElement::getPsi (2 bytes)
Event: 6.644 Thread 0x000001858f898000 nmethod 2917 0x0000018580b7c090 code [0x0000018580b7c240, 0x0000018580b7c338]
Event: 6.644 Thread 0x000001858f898000 2918       3       org.jetbrains.kotlin.com.intellij.extapi.psi.StubBasedPsiElementBase::getStub (14 bytes)
Event: 6.644 Thread 0x000001859c31d800 2919       4       org.jetbrains.kotlin.com.intellij.openapi.progress.ProgressIndicatorProvider::checkCanceled (4 bytes)
Event: 6.645 Thread 0x000001858f898000 nmethod 2918 0x0000018580b7c410 code [0x0000018580b7c600, 0x0000018580b7cb18]
Event: 6.645 Thread 0x000001858f898000 2920       3       org.jetbrains.kotlin.com.intellij.psi.impl.source.tree.SharedImplUtil::getNextSibling (18 bytes)
Event: 6.645 Thread 0x000001858f898000 nmethod 2920 0x0000018580b7cc90 code [0x0000018580b7ce80, 0x0000018580b7d228]
Event: 6.645 Thread 0x000001858f898000 2921       3       org.jetbrains.kotlin.com.intellij.psi.impl.source.tree.CompositeElement::getPsi (46 bytes)
Event: 6.646 Thread 0x000001858f898000 nmethod 2921 0x0000018580b7d390 code [0x0000018580b7d620, 0x0000018580b7e228]
Event: 6.654 Thread 0x000001859c31d800 nmethod 2919 0x0000018587c15890 code [0x0000018587c15aa0, 0x0000018587c15ef0]
Event: 6.667 Thread 0x000001858f896000 nmethod 2860 0x0000018587c16410 code [0x0000018587c168a0, 0x0000018587c199b0]
Event: 6.680 Thread 0x000001859c31d800 2922       4       java.lang.String::indexOf (7 bytes)

GC Heap History (13 events):
Event: 0.855 GC heap before
{Heap before GC invocations=0 (full 0):
 garbage-first heap   total 262144K, used 17408K [0x0000000701c00000, 0x0000000800000000)
  region size 1024K, 14 young (14336K), 0 survivors (0K)
 Metaspace       used 10355K, capacity 10483K, committed 10624K, reserved 1058816K
  class space    used 847K, capacity 895K, committed 896K, reserved 1048576K
}
Event: 0.858 GC heap after
{Heap after GC invocations=1 (full 0):
 garbage-first heap   total 262144K, used 5664K [0x0000000701c00000, 0x0000000800000000)
  region size 1024K, 2 young (2048K), 2 survivors (2048K)
 Metaspace       used 10355K, capacity 10483K, committed 10624K, reserved 1058816K
  class space    used 847K, capacity 895K, committed 896K, reserved 1048576K
}
Event: 2.202 GC heap before
{Heap before GC invocations=1 (full 0):
 garbage-first heap   total 262144K, used 44576K [0x0000000701c00000, 0x0000000800000000)
  region size 1024K, 41 young (41984K), 2 survivors (2048K)
 Metaspace       used 20885K, capacity 21168K, committed 21248K, reserved 1069056K
  class space    used 2149K, capacity 2280K, committed 2304K, reserved 1048576K
}
Event: 2.209 GC heap after
{Heap after GC invocations=2 (full 0):
 garbage-first heap   total 262144K, used 7572K [0x0000000701c00000, 0x0000000800000000)
  region size 1024K, 4 young (4096K), 4 survivors (4096K)
 Metaspace       used 20885K, capacity 21168K, committed 21248K, reserved 1069056K
  class space    used 2149K, capacity 2280K, committed 2304K, reserved 1048576K
}
Event: 3.181 GC heap before
{Heap before GC invocations=3 (full 0):
 garbage-first heap   total 262144K, used 52628K [0x0000000701c00000, 0x0000000800000000)
  region size 1024K, 41 young (41984K), 4 survivors (4096K)
 Metaspace       used 27306K, capacity 27786K, committed 28032K, reserved 1073152K
  class space    used 3216K, capacity 3383K, committed 3456K, reserved 1048576K
}
Event: 3.196 GC heap after
{Heap after GC invocations=4 (full 0):
 garbage-first heap   total 262144K, used 20407K [0x0000000701c00000, 0x0000000800000000)
  region size 1024K, 6 young (6144K), 6 survivors (6144K)
 Metaspace       used 27306K, capacity 27786K, committed 28032K, reserved 1073152K
  class space    used 3216K, capacity 3383K, committed 3456K, reserved 1048576K
}
Event: 3.249 GC heap before
{Heap before GC invocations=4 (full 0):
 garbage-first heap   total 262144K, used 26551K [0x0000000701c00000, 0x0000000800000000)
  region size 1024K, 12 young (12288K), 6 survivors (6144K)
 Metaspace       used 27399K, capacity 27886K, committed 28032K, reserved 1073152K
  class space    used 3220K, capacity 3416K, committed 3456K, reserved 1048576K
}
Event: 3.263 GC heap after
{Heap after GC invocations=5 (full 0):
 garbage-first heap   total 262144K, used 22577K [0x0000000701c00000, 0x0000000800000000)
  region size 1024K, 2 young (2048K), 2 survivors (2048K)
 Metaspace       used 27399K, capacity 27886K, committed 28032K, reserved 1073152K
  class space    used 3220K, capacity 3416K, committed 3456K, reserved 1048576K
}
Event: 4.069 GC heap before
{Heap before GC invocations=5 (full 0):
 garbage-first heap   total 262144K, used 68657K [0x0000000701c00000, 0x0000000800000000)
  region size 1024K, 42 young (43008K), 2 survivors (2048K)
 Metaspace       used 29132K, capacity 29596K, committed 29952K, reserved 1075200K
  class space    used 3573K, capacity 3751K, committed 3840K, reserved 1048576K
}
Event: 4.088 GC heap after
{Heap after GC invocations=6 (full 0):
 garbage-first heap   total 262144K, used 27648K [0x0000000701c00000, 0x0000000800000000)
  region size 1024K, 6 young (6144K), 6 survivors (6144K)
 Metaspace       used 29132K, capacity 29596K, committed 29952K, reserved 1075200K
  class space    used 3573K, capacity 3751K, committed 3840K, reserved 1048576K
}
Event: 5.039 GC heap before
{Heap before GC invocations=6 (full 0):
 garbage-first heap   total 262144K, used 67584K [0x0000000701c00000, 0x0000000800000000)
  region size 1024K, 35 young (35840K), 6 survivors (6144K)
 Metaspace       used 35166K, capacity 35808K, committed 35840K, reserved 1081344K
  class space    used 4231K, capacity 4460K, committed 4480K, reserved 1048576K
}
Event: 5.070 GC heap after
{Heap after GC invocations=7 (full 0):
 garbage-first heap   total 262144K, used 43889K [0x0000000701c00000, 0x0000000800000000)
  region size 1024K, 5 young (5120K), 5 survivors (5120K)
 Metaspace       used 35166K, capacity 35808K, committed 35840K, reserved 1081344K
  class space    used 4231K, capacity 4460K, committed 4480K, reserved 1048576K
}
Event: 6.683 GC heap before
{Heap before GC invocations=8 (full 0):
 garbage-first heap   total 262144K, used 84849K [0x0000000701c00000, 0x0000000800000000)
  region size 1024K, 46 young (47104K), 5 survivors (5120K)
 Metaspace       used 43286K, capacity 44012K, committed 44288K, reserved 1089536K
  class space    used 4981K, capacity 5252K, committed 5376K, reserved 1048576K
}

Deoptimization events (20 events):
Event: 6.101 Thread 0x00000185e99b4800 Uncommon trap: trap_request=0xffffffdc fr.pc=0x0000018587be846c relative=0x00000000000001ac
Event: 6.101 Thread 0x00000185e99b4800 Uncommon trap: reason=class_check action=make_not_entrant pc=0x0000018587be846c method=java.util.ArrayList.toArray([Ljava/lang/Object;)[Ljava/lang/Object; @ 21 c2
Event: 6.101 Thread 0x00000185e99b4800 DEOPT PACKING pc=0x0000018587be846c sp=0x000000779a2fcee0
Event: 6.102 Thread 0x00000185e99b4800 DEOPT UNPACKING pc=0x000001858004a1af sp=0x000000779a2fcea0 mode 2
Event: 6.211 Thread 0x00000185e99b4800 Uncommon trap: trap_request=0xffffff4d fr.pc=0x0000018587b4ca28 relative=0x00000000000000e8
Event: 6.211 Thread 0x00000185e99b4800 Uncommon trap: reason=unstable_if action=reinterpret pc=0x0000018587b4ca28 method=org.jetbrains.kotlin.com.intellij.util.SmartList.get(I)Ljava/lang/Object; @ 12 c2
Event: 6.211 Thread 0x00000185e99b4800 DEOPT PACKING pc=0x0000018587b4ca28 sp=0x000000779a2fe020
Event: 6.211 Thread 0x00000185e99b4800 DEOPT UNPACKING pc=0x000001858004a1af sp=0x000000779a2fdfb0 mode 2
Event: 6.334 Thread 0x00000185e99b4800 Uncommon trap: trap_request=0xffffff4d fr.pc=0x0000018587bf7768 relative=0x0000000000000408
Event: 6.334 Thread 0x00000185e99b4800 Uncommon trap: reason=unstable_if action=reinterpret pc=0x0000018587bf7768 method=org.jetbrains.kotlin.com.intellij.lang.impl.PsiBuilderImpl.calcTokenType()Lorg/jetbrains/kotlin/com/intellij/psi/tree/IElementType; @ 4 c2
Event: 6.334 Thread 0x00000185e99b4800 DEOPT PACKING pc=0x0000018587bf7768 sp=0x000000779a2fc860
Event: 6.334 Thread 0x00000185e99b4800 DEOPT UNPACKING pc=0x000001858004a1af sp=0x000000779a2fc7e8 mode 2
Event: 6.368 Thread 0x00000185e99b4800 Uncommon trap: trap_request=0xffffff4d fr.pc=0x0000018587bf6148 relative=0x0000000000001148
Event: 6.368 Thread 0x00000185e99b4800 Uncommon trap: reason=unstable_if action=reinterpret pc=0x0000018587bf6148 method=org.jetbrains.kotlin.lexer._JetLexer.advance()Lorg/jetbrains/kotlin/com/intellij/psi/tree/IElementType; @ 403 c2
Event: 6.368 Thread 0x00000185e99b4800 DEOPT PACKING pc=0x0000018587bf6148 sp=0x000000779a2fc8d0
Event: 6.368 Thread 0x00000185e99b4800 DEOPT UNPACKING pc=0x000001858004a1af sp=0x000000779a2fc868 mode 2
Event: 6.405 Thread 0x00000185e99b4800 Uncommon trap: trap_request=0xffffff4d fr.pc=0x0000018587bf9a90 relative=0x0000000000000a30
Event: 6.405 Thread 0x00000185e99b4800 Uncommon trap: reason=unstable_if action=reinterpret pc=0x0000018587bf9a90 method=org.jetbrains.kotlin.parsing.SemanticWhitespaceAwarePsiBuilderImpl.getJoinedTokenType(Lorg/jetbrains/kotlin/com/intellij/psi/tree/IElementType;I)Lorg/jetbrains/kotlin/com/in
Event: 6.405 Thread 0x00000185e99b4800 DEOPT PACKING pc=0x0000018587bf9a90 sp=0x000000779a2fc4b0
Event: 6.405 Thread 0x00000185e99b4800 DEOPT UNPACKING pc=0x000001858004a1af sp=0x000000779a2fc428 mode 2

Classes redefined (0 events):
No events

Internal exceptions (20 events):
Event: 1.830 Thread 0x00000185e99b4800 Exception <a 'java/lang/NoSuchMethodError'{0x000000070feee850}: 'int java.lang.invoke.DirectMethodHandle$Holder.invokeSpecial(java.lang.Object, java.lang.Object, java.lang.Object, java.lang.Object)'> (0x000000070feee850) thrown at [./src/hotspot/share/interpreter/linkResolver.cpp, line 773]
Event: 1.842 Thread 0x00000185e99b4800 Exception <a 'java/lang/NoSuchMethodError'{0x000000070fefbcf0}: 'void java.lang.invoke.DelegatingMethodHandle$Holder.reinvoke_L(java.lang.Object, java.lang.Object, java.lang.Object, long, java.lang.Object, long, long)'> (0x000000070fefbcf0) thrown at [./src/hotspot/share/interpreter/linkResolver.cpp, line 773]
Event: 1.843 Thread 0x00000185e99b4800 Exception <a 'java/lang/NoSuchMethodError'{0x000000070fd02588}: 'long java.lang.invoke.Invokers$Holder.invokeExact_MT(java.lang.Object, java.lang.Object, java.lang.Object)'> (0x000000070fd02588) thrown at [./src/hotspot/share/interpreter/linkResolver.cpp, line 773]
Event: 1.845 Thread 0x00000185e99b4800 Exception <a 'java/lang/NoSuchMethodError'{0x000000070fd05f78}: 'int java.lang.invoke.Invokers$Holder.invokeExact_MT(java.lang.Object, java.lang.Object, java.lang.Object)'> (0x000000070fd05f78) thrown at [./src/hotspot/share/interpreter/linkResolver.cpp, line 773]
Event: 1.882 Thread 0x00000185e99b4800 Exception <a 'java/lang/NoSuchMethodError'{0x000000070fc06018}: 'int java.lang.invoke.DirectMethodHandle$Holder.invokeStaticInit(java.lang.Object, java.lang.Object, java.lang.Object)'> (0x000000070fc06018) thrown at [./src/hotspot/share/interpreter/linkResolver.cpp, line 773]
Event: 1.890 Thread 0x00000185e99b4800 Exception <a 'java/lang/NoSuchMethodError'{0x000000070fc3ab08}: 'int java.lang.invoke.DirectMethodHandle$Holder.invokeStaticInit(java.lang.Object, java.lang.Object)'> (0x000000070fc3ab08) thrown at [./src/hotspot/share/interpreter/linkResolver.cpp, line 773]
Event: 1.916 Thread 0x00000185e99b4800 Exception <a 'java/lang/NoSuchMethodError'{0x000000070fb12a38}: 'int java.lang.invoke.DirectMethodHandle$Holder.invokeStaticInit(java.lang.Object)'> (0x000000070fb12a38) thrown at [./src/hotspot/share/interpreter/linkResolver.cpp, line 773]
Event: 1.990 Thread 0x00000185e99b4800 Exception <a 'java/lang/NoSuchMethodError'{0x000000070fa9c390}: 'void java.lang.invoke.DirectMethodHandle$Holder.invokeSpecial(java.lang.Object, java.lang.Object)'> (0x000000070fa9c390) thrown at [./src/hotspot/share/interpreter/linkResolver.cpp, line 773]
Event: 2.140 Thread 0x00000185e99b4800 Exception <a 'java/lang/NoSuchMethodError'{0x000000070f545d10}: 'void java.lang.invoke.DirectMethodHandle$Holder.invokeStatic(java.lang.Object, java.lang.Object, java.lang.Object, java.lang.Object)'> (0x000000070f545d10) thrown at [./src/hotspot/share/interpreter/linkResolver.cpp, line 773]
Event: 2.307 Thread 0x00000185e99b4800 Exception <a 'java/lang/NoSuchMethodError'{0x00000007119621e0}: 'void java.lang.invoke.DirectMethodHandle$Holder.invokeStaticInit(java.lang.Object, java.lang.Object)'> (0x00000007119621e0) thrown at [./src/hotspot/share/interpreter/linkResolver.cpp, line 773]
Event: 2.357 Thread 0x00000185e99b4800 Exception <a 'java/lang/NoSuchMethodError'{0x000000071176ce00}: 'int java.lang.invoke.DirectMethodHandle$Holder.invokeVirtual(java.lang.Object, java.lang.Object, java.lang.Object)'> (0x000000071176ce00) thrown at [./src/hotspot/share/interpreter/linkResolver.cpp, line 773]
Event: 2.520 Thread 0x00000185e99b4800 Exception <a 'java/lang/NoSuchMethodError'{0x00000007112804c8}: 'void java.lang.invoke.DirectMethodHandle$Holder.invokeVirtual(java.lang.Object, java.lang.Object)'> (0x00000007112804c8) thrown at [./src/hotspot/share/interpreter/linkResolver.cpp, line 773]
Event: 2.892 Thread 0x00000185e99b4800 Exception <a 'sun/nio/fs/WindowsException'{0x000000071096bbd8}> (0x000000071096bbd8) thrown at [./src/hotspot/share/prims/jni.cpp, line 617]
Event: 4.116 Thread 0x00000185e99b4800 Exception <a 'sun/nio/fs/WindowsException'{0x0000000711be2078}> (0x0000000711be2078) thrown at [./src/hotspot/share/prims/jni.cpp, line 617]
Event: 4.238 Thread 0x00000185e99b4800 Implicit null exception at 0x0000018587ae4077 to 0x0000018587ae4590
Event: 4.502 Thread 0x00000185e99b4800 Implicit null exception at 0x0000018587aeb3f4 to 0x0000018587aeb920
Event: 4.569 Thread 0x00000185e99b4800 Exception <a 'java/lang/NoSuchMethodError'{0x0000000710ccc7b0}: 'java.lang.Object java.lang.invoke.Invokers$Holder.linkToTargetMethod(java.lang.Object, int, java.lang.Object)'> (0x0000000710ccc7b0) thrown at [./src/hotspot/share/interpreter/linkResolver.cpp, line 773]
Event: 4.571 Thread 0x00000185e99b4800 Exception <a 'java/lang/NoSuchMethodError'{0x0000000710ce9048}: 'java.lang.Object java.lang.invoke.DirectMethodHandle$Holder.invokeVirtual(java.lang.Object, java.lang.Object, java.lang.Object)'> (0x0000000710ce9048) thrown at [./src/hotspot/share/interpreter/linkResolver.cpp, line 773]
Event: 5.981 Thread 0x00000185e99b4800 Exception <a 'java/lang/NoSuchMethodError'{0x000000070f88c7f8}: 'java.lang.Object java.lang.invoke.Invokers$Holder.linkToTargetMethod(java.lang.Object, java.lang.Object, java.lang.Object, java.lang.Object, java.lang.Object, java.lang.Object, java.lang.Object)'> (0x000000070f88c7f8) thrown at [./src/hotspot/share/interpreter/linkResolver.cpp, line 773]
Event: 6.014 Thread 0x00000185e99b4800 Implicit null exception at 0x0000018587beacb3 to 0x0000018587beadc8

Events (20 events):
Event: 6.680 loading class org/jetbrains/kotlin/resolve/scopes/LexicalScope done
Event: 6.680 loading class org/jetbrains/kotlin/resolve/lazy/descriptors/ClassResolutionScopesSupport
Event: 6.680 loading class org/jetbrains/kotlin/resolve/lazy/descriptors/ClassResolutionScopesSupport done
Event: 6.681 loading class org/jetbrains/kotlin/storage/LockBasedStorageManager$3
Event: 6.681 loading class org/jetbrains/kotlin/storage/LockBasedStorageManager$3 done
Event: 6.681 Executing VM operation: Deoptimize
Event: 6.682 Executing VM operation: Deoptimize done
Event: 6.682 loading class org/jetbrains/kotlin/resolve/lazy/descriptors/ClassResolutionScopesSupport
Event: 6.682 loading class org/jetbrains/kotlin/resolve/lazy/descriptors/ClassResolutionScopesSupport done
Event: 6.682 loading class org/jetbrains/kotlin/resolve/scopes/LexicalScopeImpl
Event: 6.682 loading class org/jetbrains/kotlin/resolve/scopes/LexicalScopeImpl done
Event: 6.683 loading class org/jetbrains/kotlin/resolve/scopes/LexicalScopeImpl
Event: 6.683 loading class org/jetbrains/kotlin/resolve/scopes/LexicalScopeImpl done
Event: 6.683 loading class org/jetbrains/kotlin/resolve/lazy/descriptors/ClassResolutionScopesSupport
Event: 6.683 loading class org/jetbrains/kotlin/resolve/lazy/descriptors/ClassResolutionScopesSupport done
Event: 6.683 loading class org/jetbrains/kotlin/resolve/lazy/descriptors/ClassResolutionScopesSupport
Event: 6.683 loading class org/jetbrains/kotlin/resolve/lazy/descriptors/ClassResolutionScopesSupport done
Event: 6.683 loading class org/jetbrains/kotlin/resolve/lazy/descriptors/ClassResolutionScopesSupport
Event: 6.683 loading class org/jetbrains/kotlin/resolve/lazy/descriptors/ClassResolutionScopesSupport done
Event: 6.683 Executing VM operation: G1CollectForAllocation


Dynamic libraries:
0x00007ff760d70000 - 0x00007ff760d7d000 	C:\Program Files\Microsoft\jdk-11.0.16.101-hotspot\bin\java.exe
0x00007fff12730000 - 0x00007fff12928000 	C:\WINDOWS\SYSTEM32\ntdll.dll
0x00007fff11150000 - 0x00007fff11212000 	C:\WINDOWS\System32\KERNEL32.DLL
0x00007fff0fe40000 - 0x00007fff10137000 	C:\WINDOWS\System32\KERNELBASE.dll
0x00007fff10340000 - 0x00007fff10440000 	C:\WINDOWS\System32\ucrtbase.dll
0x00007ffed0290000 - 0x00007ffed02a5000 	C:\Program Files\Microsoft\jdk-11.0.16.101-hotspot\bin\VCRUNTIME140.dll
0x00007ffed0340000 - 0x00007ffed0357000 	C:\Program Files\Microsoft\jdk-11.0.16.101-hotspot\bin\jli.dll
0x00007fff10f30000 - 0x00007fff110cd000 	C:\WINDOWS\System32\USER32.dll
0x00007ffef5b30000 - 0x00007ffef5dcb000 	C:\WINDOWS\WinSxS\amd64_microsoft.windows.common-controls_6595b64144ccf1df_6.0.19041.6926_none_60b5a53971f8f7e6\COMCTL32.dll
0x00007fff10bf0000 - 0x00007fff10c8e000 	C:\WINDOWS\System32\msvcrt.dll
0x00007fff10260000 - 0x00007fff10282000 	C:\WINDOWS\System32\win32u.dll
0x00007fff10ef0000 - 0x00007fff10f1b000 	C:\WINDOWS\System32\GDI32.dll
0x00007fff10140000 - 0x00007fff1025a000 	C:\WINDOWS\System32\gdi32full.dll
0x00007fff0fda0000 - 0x00007fff0fe3d000 	C:\WINDOWS\System32\msvcp_win.dll
0x00007fff11da0000 - 0x00007fff11dcf000 	C:\WINDOWS\System32\IMM32.DLL
0x00007ffea9980000 - 0x00007ffea9a1b000 	C:\Program Files\Microsoft\jdk-11.0.16.101-hotspot\bin\msvcp140.dll
0x00007ffe66b40000 - 0x00007ffe676ca000 	C:\Program Files\Microsoft\jdk-11.0.16.101-hotspot\bin\server\jvm.dll
0x00007fff10d00000 - 0x00007fff10db1000 	C:\WINDOWS\System32\ADVAPI32.dll
0x00007fff114a0000 - 0x00007fff1153f000 	C:\WINDOWS\System32\sechost.dll
0x00007fff10dc0000 - 0x00007fff10ee6000 	C:\WINDOWS\System32\RPCRT4.dll
0x00007fff10290000 - 0x00007fff102b7000 	C:\WINDOWS\System32\bcrypt.dll
0x00007fff10f20000 - 0x00007fff10f28000 	C:\WINDOWS\System32\PSAPI.DLL
0x00007ffeeba50000 - 0x00007ffeeba59000 	C:\WINDOWS\SYSTEM32\WSOCK32.dll
0x00007fff10c90000 - 0x00007fff10cfb000 	C:\WINDOWS\System32\WS2_32.dll
0x00007ffef8570000 - 0x00007ffef8597000 	C:\WINDOWS\SYSTEM32\WINMM.dll
0x00007fff08290000 - 0x00007fff0829a000 	C:\WINDOWS\SYSTEM32\VERSION.dll
0x00007fff0dc60000 - 0x00007fff0dc72000 	C:\WINDOWS\SYSTEM32\kernel.appcore.dll
0x00007ffed2350000 - 0x00007ffed2360000 	C:\Program Files\Microsoft\jdk-11.0.16.101-hotspot\bin\verify.dll
0x00007fff0d500000 - 0x00007fff0d701000 	C:\WINDOWS\SYSTEM32\DBGHELP.DLL
0x00007ffefd0c0000 - 0x00007ffefd0f4000 	C:\WINDOWS\SYSTEM32\dbgcore.DLL
0x00007fff10490000 - 0x00007fff10512000 	C:\WINDOWS\System32\bcryptPrimitives.dll
0x00007ffecfe60000 - 0x00007ffecfe88000 	C:\Program Files\Microsoft\jdk-11.0.16.101-hotspot\bin\java.dll
0x00007ffed0aa0000 - 0x00007ffed0aaa000 	C:\Program Files\Microsoft\jdk-11.0.16.101-hotspot\bin\jimage.dll
0x00007ffecfb50000 - 0x00007ffecfb68000 	C:\Program Files\Microsoft\jdk-11.0.16.101-hotspot\bin\zip.dll
0x00007fff11dd0000 - 0x00007fff12541000 	C:\WINDOWS\System32\SHELL32.dll
0x00007fff0ddd0000 - 0x00007fff0e576000 	C:\WINDOWS\SYSTEM32\windows.storage.dll
0x00007fff10790000 - 0x00007fff10ae3000 	C:\WINDOWS\System32\combase.dll
0x00007fff0f610000 - 0x00007fff0f63b000 	C:\WINDOWS\SYSTEM32\Wldp.dll
0x00007fff11220000 - 0x00007fff112f6000 	C:\WINDOWS\System32\OLEAUT32.dll
0x00007fff125e0000 - 0x00007fff1268d000 	C:\WINDOWS\System32\SHCORE.dll
0x00007fff119b0000 - 0x00007fff11a0b000 	C:\WINDOWS\System32\shlwapi.dll
0x00007fff0fcd0000 - 0x00007fff0fcf4000 	C:\WINDOWS\SYSTEM32\profapi.dll
0x00007ffecfb30000 - 0x00007ffecfb49000 	C:\Program Files\Microsoft\jdk-11.0.16.101-hotspot\bin\net.dll
0x00007fff007d0000 - 0x00007fff008da000 	C:\WINDOWS\SYSTEM32\WINHTTP.dll
0x00007fff0f3c0000 - 0x00007fff0f42a000 	C:\WINDOWS\system32\mswsock.dll
0x00007ffecf220000 - 0x00007ffecf233000 	C:\Program Files\Microsoft\jdk-11.0.16.101-hotspot\bin\nio.dll

dbghelp: loaded successfully - version: 4.0.5 - missing functions: none
symbol engine: initialized successfully - sym options: 0x614 - pdb path: .;C:\Program Files\Microsoft\jdk-11.0.16.101-hotspot\bin;C:\WINDOWS\SYSTEM32;C:\WINDOWS\WinSxS\amd64_microsoft.windows.common-controls_6595b64144ccf1df_6.0.19041.6926_none_60b5a53971f8f7e6;C:\Program Files\Microsoft\jdk-11.0.16.101-hotspot\bin\server

VM Arguments:
java_command: org.jetbrains.kotlin.cli.jvm.K2JVMCompiler @C:\flutter\packages\flutter_tools\gradle\build\20260430_16560898256885948910.compiler.options
java_class_path (initial): C:\Users\Personnel\.gradle\caches\modules-2\files-2.1\org.jetbrains.kotlin\kotlin-compiler-embeddable\2.0.21\79346ed53db48b18312a472602eb5c057070c54d\kotlin-compiler-embeddable-2.0.21.jar;C:\Users\Personnel\.gradle\caches\modules-2\files-2.1\org.jetbrains.kotlin\kotlin-stdlib\2.0.21\618b539767b4899b4660a83006e052b63f1db551\kotlin-stdlib-2.0.21.jar;C:\Users\Personnel\.gradle\caches\modules-2\files-2.1\org.jetbrains.kotlin\kotlin-script-runtime\2.0.21\c9b044380ad41f89aa89aa896c2d32a8c0b2129d\kotlin-script-runtime-2.0.21.jar;C:\Users\Personnel\.gradle\caches\modules-2\files-2.1\org.jetbrains.kotlin\kotlin-reflect\1.6.10\1cbe9c92c12a94eea200d23c2bbaedaf3daf5132\kotlin-reflect-1.6.10.jar;C:\Users\Personnel\.gradle\caches\modules-2\files-2.1\org.jetbrains.kotlin\kotlin-daemon-embeddable\2.0.21\c9e933b23287de9b5a17e2116b4657bb91aea72c\kotlin-daemon-embeddable-2.0.21.jar;C:\Users\Personnel\.gradle\caches\modules-2\files-2.1\org.jetbrains.intellij.deps\trove4j\1.0.20200330\3afb14d5f9ceb459d724e907a21145e8ff394f02\trove4j-1.0.20200330.jar;C:\Users\Personnel\.gradle\caches\modules-2\files-2.1\org.jetbrains.kotlinx\kotlinx-coroutines-core-jvm\1.6.4\2c997cd1c0ef33f3e751d3831929aeff1390cb30\kotlinx-coroutines-core-jvm-1.6.4.jar;C:\Users\Personnel\.gradle\caches\modules-2\files-2.1\org.jetbrains\annotations\13.0\919f0dfe192fb4e063e7dacadee7f8bb9a2672a9\annotations-13.0.jar
Launcher Type: SUN_STANDARD

[Global flags]
     intx CICompilerCount                          = 3                                         {product} {ergonomic}
     uint ConcGCThreads                            = 1                                         {product} {ergonomic}
     uint G1ConcRefinementThreads                  = 4                                         {product} {ergonomic}
   size_t G1HeapRegionSize                         = 1048576                                   {product} {ergonomic}
    uintx GCDrainStackTargetSize                   = 64                                        {product} {ergonomic}
   size_t InitialHeapSize                          = 268435456                                 {product} {ergonomic}
   size_t MarkStackSize                            = 4194304                                   {product} {ergonomic}
   size_t MaxHeapSize                              = 4265607168                                {product} {ergonomic}
   size_t MaxNewSize                               = 2558525440                                {product} {ergonomic}
   size_t MinHeapDeltaBytes                        = 1048576                                   {product} {ergonomic}
    uintx NonNMethodCodeHeapSize                   = 5830732                                {pd product} {ergonomic}
    uintx NonProfiledCodeHeapSize                  = 122913754                              {pd product} {ergonomic}
    uintx ProfiledCodeHeapSize                     = 122913754                              {pd product} {ergonomic}
    uintx ReservedCodeCacheSize                    = 251658240                              {pd product} {ergonomic}
     bool SegmentedCodeCache                       = true                                      {product} {ergonomic}
     bool UseCompressedClassPointers               = true                                 {lp64_product} {ergonomic}
     bool UseCompressedOops                        = true                                 {lp64_product} {ergonomic}
     bool UseG1GC                                  = true                                      {product} {ergonomic}
     bool UseLargePagesIndividualAllocation        = false                                  {pd product} {ergonomic}

Logging:
Log output configuration:
 #0: stdout all=warning uptime,level,tags
 #1: stderr all=off uptime,level,tags

Environment Variables:
PATH=C:\Users\Personnel\AppData\Local\Programs\Microsoft VS Code;C:\Program Files\Common Files\Oracle\Java\javapath;C:\Program Files (x86)\Common Files\Oracle\Java\java8path;C:\Program Files (x86)\Common Files\Oracle\Java\javapath;C:\Program Files\Microsoft\jdk-11.0.16.101-hotspot\bin;C:\WINDOWS\system32;C:\WINDOWS;C:\WINDOWS\System32\Wbem;C:\WINDOWS\System32\WindowsPowerShell\v1.0\;C:\WINDOWS\System32\OpenSSH\;C:\Program Files\Microsoft SQL Server\150\Tools\Binn\;C:\Program Files\Microsoft SQL Server\Client SDK\ODBC\170\Tools\Binn\;C:\laragon\bin\php\php-8.3.16-Win32-vs16-x64;C:\laragon\bin\composer;C:\laragon\bin\php\php-8.1.10-Win32-vs16-x64;C:\Program Files\Azure Data Studio\bin;C:\Program Files\Microsoft SQL Server\120\Tools\Binn\;C:\Program Files\Microsoft SQL Server\Client SDK\ODBC\110\Tools\Binn\;C:\Program Files (x86)\Microsoft SQL Server\120\Tools\Binn\;C:\Program Files\Microsoft SQL Server\120\DTS\Binn\;C:\Program Files (x86)\Microsoft SQL Server\120\Tools\Binn\ManagementStudio\;C:\Program Files (x86)\Microsoft SQL Server\120\DTS\Binn\;C:\ProgramData\chocolatey\bin;C:\Program Files\nodejs\;C:\Program Files\Git\cmd;C:\Users\Personnel\.config\herd-lite\bin;C:\Users\Personnel\AppData\Local\Programs\Python\Launcher\;C:\Users\Personnel\AppData\Local\Microsoft\WindowsApps;C:\Users\Personnel\AppData\Local\Programs\Microsoft VS Code\bin;C:\laragon\bin\php\php-8.1.10-Win32-vs16-x64;C:\Program Files\Azure Data Studio\bin;C:\Users\Personnel\AppData\Local\GitHubDesktop\bin;C:\Users\Personnel\AppData\Roaming\npm
USERNAME=Personnel
OS=Windows_NT
PROCESSOR_IDENTIFIER=Intel64 Family 6 Model 78 Stepping 3, GenuineIntel
TMP=C:\Users\PERSON~1\AppData\Local\Temp
TEMP=C:\Users\PERSON~1\AppData\Local\Temp



---------------  S Y S T E M  ---------------

OS: Windows 10 , 64 bit Build 19041 (10.0.19041.7181)
OS uptime: 1 days 3:19 hours
Hyper-V role detected

CPU:total 4 (initial active 4) (2 cores per cpu, 2 threads per core) family 6 model 78 stepping 3 microcode 0xec, cmov, cx8, fxsr, mmx, sse, sse2, sse3, ssse3, sse4.1, sse4.2, popcnt, avx, avx2, aes, clmul, erms, rtm, 3dnowpref, lzcnt, ht, tsc, tscinvbit, bmi1, bmi2, adx, fma

Memory: 4k page, system-wide physical 16265M (4531M free)
TotalPageFile size 40368M (AvailPageFile size 5M)
current process WorkingSet (physical memory assigned to process): 214M, peak: 214M
current process commit charge ("private bytes"): 413M, peak: 472M

vm_info: OpenJDK 64-Bit Server VM (11.0.16.1+1-LTS) for windows-amd64 JRE (11.0.16.1+1-LTS), built on Aug 20 2022 20:09:04 by "" with MS VC++ 15.9 (VS2017)

END.
