#
# There is insufficient memory for the Java Runtime Environment to continue.
# Native memory allocation (malloc) failed to allocate 1178160 bytes. Error detail: Chunk::new
# Possible reasons:
#   The system is out of physical RAM or swap space
#   This process is running with CompressedOops enabled, and the Java Heap may be blocking the growth of the native heap
# Possible solutions:
#   Reduce memory load on the system
#   Increase physical memory or swap space
#   Check if swap backing store is full
#   Decrease Java heap size (-Xmx/-Xms)
#   Decrease number of Java threads
#   Decrease Java thread stack sizes (-Xss)
#   Set larger code cache with -XX:ReservedCodeCacheSize=
#   JVM is running with Unscaled Compressed Oops mode in which the Java heap is
#     placed in the first 4GB address space. The Java Heap base address is the
#     maximum limit for the native heap growth. Please use -XX:HeapBaseMinAddress
#     to set the Java Heap base and to place the Java Heap above 4GB virtual address.
# This output file may be truncated or incomplete.
#
#  Out of Memory Error (arena.cpp:168), pid=10480, tid=5980
#
# JRE version: OpenJDK Runtime Environment Temurin-21.0.10+7 (21.0.10+7) (build 21.0.10+7-LTS)
# Java VM: OpenJDK 64-Bit Server VM Temurin-21.0.10+7 (21.0.10+7-LTS, mixed mode, sharing, tiered, compressed oops, compressed class ptrs, parallel gc, windows-amd64)
# No core dump will be written. Minidumps are not enabled by default on client versions of Windows
#

---------------  S U M M A R Y ------------

Command Line: --add-modules=ALL-SYSTEM --add-opens=java.base/java.util=ALL-UNNAMED --add-opens=java.base/java.lang=ALL-UNNAMED --add-opens=java.base/sun.nio.fs=ALL-UNNAMED -Declipse.application=org.eclipse.jdt.ls.core.id1 -Dosgi.bundles.defaultStartLevel=4 -Declipse.product=org.eclipse.jdt.ls.core.product -Djava.import.generatesMetadataFilesAtProjectRoot=false -DDetectVMInstallationsJob.disabled=true -Dfile.encoding=utf8 -XX:+UseParallelGC -XX:GCTimeRatio=4 -XX:AdaptiveSizePolicyWeight=90 -Dsun.zip.disableMemoryMapping=true -Xmx2G -Xms100m -Xlog:disable -javaagent:c:\Users\Personnel\.vscode\extensions\redhat.java-1.53.0-win32-x64\lombok\lombok-1.18.39-4050.jar -XX:+HeapDumpOnOutOfMemoryError -XX:HeapDumpPath=c:\Users\Personnel\AppData\Roaming\Code\User\workspaceStorage\c63ea72f8be5b159b88fd908e83bf3c1\redhat.java -Daether.dependencyCollector.impl=bf c:\Users\Personnel\.vscode\extensions\redhat.java-1.53.0-win32-x64\server\plugins\org.eclipse.equinox.launcher_1.7.100.v20251111-0406.jar -configuration c:\Users\Personnel\AppData\Roaming\Code\User\globalStorage\redhat.java\1.53.0\config_win -data c:\Users\Personnel\AppData\Roaming\Code\User\workspaceStorage\c63ea72f8be5b159b88fd908e83bf3c1\redhat.java\jdt_ws --pipe=\\.\pipe\lsp-601cf0d412b4752aca09b078007aeb5a-sock

Host: Intel(R) Core(TM) i7-6600U CPU @ 2.60GHz, 4 cores, 15G,  Windows 10 , 64 bit Build 19041 (10.0.19041.6807)
Time: Wed Apr 15 10:04:31 2026 elapsed time: 42.744133 seconds (0d 0h 0m 42s)

---------------  T H R E A D  ---------------

Current thread (0x0000020ed09f6b30):  JavaThread "C2 CompilerThread0" daemon [_thread_in_native, id=5980, stack(0x000000919ca00000,0x000000919cb00000) (1024K)]


Current CompileTask:
C2:42744 3268       4       java.lang.invoke.MethodType::makeImpl (109 bytes)

Stack: [0x000000919ca00000,0x000000919cb00000]
Native frames: (J=compiled Java code, j=interpreted, Vv=VM code, C=native code)
V  [jvm.dll+0x6d7a39]
V  [jvm.dll+0x8b4b26]
V  [jvm.dll+0x8b70de]
V  [jvm.dll+0x8b77c3]
V  [jvm.dll+0x284346]
V  [jvm.dll+0xc66ed]
V  [jvm.dll+0xc6c31]
V  [jvm.dll+0x3bec3b]
V  [jvm.dll+0x1e3f69]
V  [jvm.dll+0x24c6b3]
V  [jvm.dll+0x24bb40]
V  [jvm.dll+0x1cb34e]
V  [jvm.dll+0x25b85d]
V  [jvm.dll+0x259dea]
V  [jvm.dll+0x3f857e]
V  [jvm.dll+0x85f59d]
V  [jvm.dll+0x6d626d]
C  [ucrtbase.dll+0x21bb2]
C  [KERNEL32.DLL+0x17374]
C  [ntdll.dll+0x4cc91]


---------------  P R O C E S S  ---------------

Threads class SMR info:
_java_thread_list=0x0000020eed729690, length=22, elements={
0x0000020ece87ca60, 0x0000020ed09ed010, 0x0000020ed09ee920, 0x0000020ed09f0590,
0x0000020ed09f14b0, 0x0000020ed09f3280, 0x0000020ed09f5cf0, 0x0000020ed09f6b30,
0x0000020ed0a699e0, 0x0000020ee8223ef0, 0x0000020ee82ebb30, 0x0000020ee8a4c050,
0x0000020ee8a9adf0, 0x0000020ee83d7d10, 0x0000020ee83cac90, 0x0000020eed154280,
0x0000020ee8bfe510, 0x0000020ee8bfff50, 0x0000020ee8c005e0, 0x0000020ee8bfd160,
0x0000020ee8bfeba0, 0x0000020ee82894b0
}

Java Threads: ( => current thread )
  0x0000020ece87ca60 JavaThread "main"                              [_thread_blocked, id=4904, stack(0x000000919c000000,0x000000919c100000) (1024K)]
  0x0000020ed09ed010 JavaThread "Reference Handler"          daemon [_thread_blocked, id=15244, stack(0x000000919c400000,0x000000919c500000) (1024K)]
  0x0000020ed09ee920 JavaThread "Finalizer"                  daemon [_thread_blocked, id=3708, stack(0x000000919c500000,0x000000919c600000) (1024K)]
  0x0000020ed09f0590 JavaThread "Signal Dispatcher"          daemon [_thread_blocked, id=12812, stack(0x000000919c600000,0x000000919c700000) (1024K)]
  0x0000020ed09f14b0 JavaThread "Attach Listener"            daemon [_thread_blocked, id=3280, stack(0x000000919c700000,0x000000919c800000) (1024K)]
  0x0000020ed09f3280 JavaThread "Service Thread"             daemon [_thread_blocked, id=12960, stack(0x000000919c800000,0x000000919c900000) (1024K)]
  0x0000020ed09f5cf0 JavaThread "Monitor Deflation Thread"   daemon [_thread_blocked, id=7732, stack(0x000000919c900000,0x000000919ca00000) (1024K)]
=>0x0000020ed09f6b30 JavaThread "C2 CompilerThread0"         daemon [_thread_in_native, id=5980, stack(0x000000919ca00000,0x000000919cb00000) (1024K)]
  0x0000020ed0a699e0 JavaThread "C1 CompilerThread0"         daemon [_thread_blocked, id=12620, stack(0x000000919cb00000,0x000000919cc00000) (1024K)]
  0x0000020ee8223ef0 JavaThread "Common-Cleaner"             daemon [_thread_blocked, id=3884, stack(0x000000919cc00000,0x000000919cd00000) (1024K)]
  0x0000020ee82ebb30 JavaThread "Notification Thread"        daemon [_thread_blocked, id=10376, stack(0x000000919cd00000,0x000000919ce00000) (1024K)]
  0x0000020ee8a4c050 JavaThread "Active Thread: Equinox Container: 655d816a-9883-4f0e-863b-ebc76e7cb63b"        [_thread_blocked, id=12508, stack(0x000000919ce00000,0x000000919cf00000) (1024K)]
  0x0000020ee8a9adf0 JavaThread "Refresh Thread: Equinox Container: 655d816a-9883-4f0e-863b-ebc76e7cb63b" daemon [_thread_blocked, id=14400, stack(0x000000919d200000,0x000000919d300000) (1024K)]
  0x0000020ee83d7d10 JavaThread "Framework Event Dispatcher: Equinox Container: 655d816a-9883-4f0e-863b-ebc76e7cb63b" daemon [_thread_blocked, id=9792, stack(0x000000919d300000,0x000000919d400000) (1024K)]
  0x0000020ee83cac90 JavaThread "Start Level: Equinox Container: 655d816a-9883-4f0e-863b-ebc76e7cb63b" daemon [_thread_in_vm, id=11064, stack(0x000000919d400000,0x000000919d500000) (1024K)]
  0x0000020eed154280 JavaThread "Bundle File Closer"         daemon [_thread_blocked, id=2936, stack(0x000000919d600000,0x000000919d700000) (1024K)]
  0x0000020ee8bfe510 JavaThread "SCR Component Actor"        daemon [_thread_blocked, id=7072, stack(0x000000919d500000,0x000000919d600000) (1024K)]
  0x0000020ee8bfff50 JavaThread "Worker-JM"                         [_thread_blocked, id=4148, stack(0x000000919d800000,0x000000919d900000) (1024K)]
  0x0000020ee8c005e0 JavaThread "JNA Cleaner"                daemon [_thread_blocked, id=17428, stack(0x000000919d700000,0x000000919d800000) (1024K)]
  0x0000020ee8bfd160 JavaThread "Worker-0: Checking project encoding"        [_thread_blocked, id=15620, stack(0x000000919d900000,0x000000919da00000) (1024K)]
  0x0000020ee8bfeba0 JavaThread "Worker-1"                          [_thread_blocked, id=17612, stack(0x000000919da00000,0x000000919db00000) (1024K)]
  0x0000020ee82894b0 JavaThread "C2 CompilerThread1"         daemon [_thread_blocked, id=14352, stack(0x000000919db00000,0x000000919dc00000) (1024K)]
Total: 22

Other Threads:
  0x0000020ed0bc02d0 VMThread "VM Thread"                           [id=17812, stack(0x000000919c300000,0x000000919c400000) (1024K)]
  0x0000020ed0b6d200 WatcherThread "VM Periodic Task Thread"        [id=14136, stack(0x000000919c200000,0x000000919c300000) (1024K)]
  0x0000020ed0b1f360 WorkerThread "GC Thread#0"                     [id=7496, stack(0x000000919c100000,0x000000919c200000) (1024K)]
  0x0000020ee83dfc20 WorkerThread "GC Thread#1"                     [id=11556, stack(0x000000919cf00000,0x000000919d000000) (1024K)]
  0x0000020ee83dffd0 WorkerThread "GC Thread#2"                     [id=800, stack(0x000000919d000000,0x000000919d100000) (1024K)]
  0x0000020ee89c7b30 WorkerThread "GC Thread#3"                     [id=17800, stack(0x000000919d100000,0x000000919d200000) (1024K)]
Total: 6

Threads with active compile tasks:
C2 CompilerThread0  42792 3268       4       java.lang.invoke.MethodType::makeImpl (109 bytes)
Total: 1

VM state: not at safepoint (normal execution)

VM Mutex/Monitor currently owned by a thread:  ([mutex/lock_event])
[0x00007ffc8fefc4e0] Metaspace_lock - owner thread: 0x0000020ee83cac90

Heap address: 0x0000000080000000, size: 2048 MB, Compressed Oops mode: 32-bit

CDS archive(s) mapped at: [0x0000020e80000000-0x0000020e80ba0000-0x0000020e80ba0000), size 12189696, SharedBaseAddress: 0x0000020e80000000, ArchiveRelocationMode: 1.
Compressed class space mapped at: 0x0000020e81000000-0x0000020ec1000000, reserved size: 1073741824
Narrow klass base: 0x0000020e80000000, Narrow klass shift: 0, Narrow klass range: 0x100000000

GC Precious Log:
 CardTable entry size: 512
 CPUs: 4 total, 4 available
 Memory: 16265M
 Large Page Support: Disabled
 NUMA Support: Disabled
 Compressed Oops: Enabled (32-bit)
 Alignments: Space 512K, Generation 512K, Heap 2M
 Heap Min Capacity: 100M
 Heap Initial Capacity: 100M
 Heap Max Capacity: 2G
 Pre-touch: Disabled
 Parallel Workers: 4

Heap:
 PSYoungGen      total 29184K, used 28202K [0x00000000d5580000, 0x00000000d7a00000, 0x0000000100000000)
  eden space 25088K, 96% used [0x00000000d5580000,0x00000000d6d102c0,0x00000000d6e00000)
  from space 4096K, 99% used [0x00000000d6e80000,0x00000000d727a7b8,0x00000000d7280000)
  to   space 6144K, 0% used [0x00000000d7400000,0x00000000d7400000,0x00000000d7a00000)
 ParOldGen       total 68608K, used 8223K [0x0000000080000000, 0x0000000084300000, 0x00000000d5580000)
  object space 68608K, 11% used [0x0000000080000000,0x0000000080807f20,0x0000000084300000)
 Metaspace       used 18572K, committed 19328K, reserved 1114112K
  class space    used 1940K, committed 2240K, reserved 1048576K

Card table byte_map: [0x0000020ed04b0000,0x0000020ed08c0000] _byte_map_base: 0x0000020ed00b0000

Marking Bits: (ParMarkBitMap*) 0x00007ffc8ff03450
 Begin Bits: [0x0000020ee2fc0000, 0x0000020ee4fc0000)
 End Bits:   [0x0000020ee4fc0000, 0x0000020ee6fc0000)

Polling page: 0x0000020ece980000

Metaspace:

Usage:
  Non-class:     16.24 MB used.
      Class:      1.89 MB used.
       Both:     18.14 MB used.

Virtual space:
  Non-class space:       64.00 MB reserved,      16.69 MB ( 26%) committed,  1 nodes.
      Class space:        1.00 GB reserved,       2.19 MB ( <1%) committed,  1 nodes.
             Both:        1.06 GB reserved,      18.88 MB (  2%) committed. 

Chunk freelists:
   Non-Class:  14.59 MB
       Class:  13.68 MB
        Both:  28.28 MB

MaxMetaspaceSize: unlimited
CompressedClassSpaceSize: 1.00 GB
Initial GC threshold: 21.00 MB
Current GC threshold: 21.00 MB
CDS: on
 - commit_granule_bytes: 65536.
 - commit_granule_words: 8192.
 - virtual_space_node_default_size: 8388608.
 - enlarge_chunks_in_place: 1.
 - use_allocation_guard: 0.


Internal statistics:

num_allocs_failed_limit: 0.
num_arena_births: 560.
num_arena_deaths: 0.
num_vsnodes_births: 2.
num_vsnodes_deaths: 0.
num_space_committed: 302.
num_space_uncommitted: 0.
num_chunks_returned_to_freelist: 0.
num_chunks_taken_from_freelist: 1244.
num_chunk_merges: 0.
num_chunk_splits: 778.
num_chunks_enlarged: 511.
num_inconsistent_stats: 0.

CodeHeap 'non-profiled nmethods': size=120000Kb used=1643Kb max_used=1643Kb free=118356Kb
 bounds [0x0000020edb7e0000, 0x0000020edba50000, 0x0000020ee2d10000]
CodeHeap 'profiled nmethods': size=120000Kb used=7270Kb max_used=7270Kb free=112729Kb
 bounds [0x0000020ed3d10000, 0x0000020ed4430000, 0x0000020edb240000]
CodeHeap 'non-nmethods': size=5760Kb used=1276Kb max_used=1296Kb free=4483Kb
 bounds [0x0000020edb240000, 0x0000020edb4b0000, 0x0000020edb7e0000]
CodeCache: size=245760Kb, used=10189Kb, max_used=10209Kb, free=235568Kb
 total_blobs=4077, nmethods=3522, adapters=461, full_count=0
Compilation: enabled, stopped_count=0, restarted_count=0

Compilation events (20 events):
Event: 42.737 Thread 0x0000020ed0a699e0 3489       3       org.apache.felix.resolver.util.OpenHashMap::getOrCompute (253 bytes)
Event: 42.738 Thread 0x0000020ed0a699e0 nmethod 3489 0x0000020ed4412110 code [0x0000020ed44123a0, 0x0000020ed4413120]
Event: 42.738 Thread 0x0000020ed0a699e0 3465       3       org.objectweb.asm.Frame::accept (264 bytes)
Event: 42.739 Thread 0x0000020ed0a699e0 nmethod 3465 0x0000020ed4413610 code [0x0000020ed4413840, 0x0000020ed44140e0]
Event: 42.739 Thread 0x0000020ed0a699e0 3494       3       org.apache.felix.resolver.util.OpenHashMap$MapIterator::nextEntry (70 bytes)
Event: 42.739 Thread 0x0000020ed0a699e0 nmethod 3494 0x0000020ed4414490 code [0x0000020ed4414660, 0x0000020ed4414a10]
Event: 42.739 Thread 0x0000020ed0a699e0 3483   !   3       java.util.AbstractList$Itr::next (46 bytes)
Event: 42.739 Thread 0x0000020ed0a699e0 nmethod 3483 0x0000020ed4414b90 code [0x0000020ed4414da0, 0x0000020ed44153b0]
Event: 42.740 Thread 0x0000020ed0a699e0 3492       3       java.util.AbstractList$Itr::checkForComodification (23 bytes)
Event: 42.740 Thread 0x0000020ed0a699e0 nmethod 3492 0x0000020ed4415690 code [0x0000020ed4415840, 0x0000020ed4415a68]
Event: 42.740 Thread 0x0000020ed0a699e0 3493       3       org.eclipse.osgi.internal.container.InternalUtils$CopyOnFirstWriteList::get (11 bytes)
Event: 42.740 Thread 0x0000020ee82894b0 3495   !   4       java.security.cert.Certificate::equals (38 bytes)
Event: 42.741 Thread 0x0000020ed0a699e0 nmethod 3493 0x0000020ed4415b90 code [0x0000020ed4415d40, 0x0000020ed4415f18]
Event: 42.741 Thread 0x0000020ed0a699e0 3475       3       org.eclipse.osgi.container.ModuleWire::getRequirement (5 bytes)
Event: 42.741 Thread 0x0000020ed0a699e0 nmethod 3475 0x0000020ed4416010 code [0x0000020ed44161a0, 0x0000020ed44162c0]
Event: 42.741 Thread 0x0000020ed0a699e0 3474       3       org.eclipse.osgi.container.ModuleWire::getCapability (5 bytes)
Event: 42.741 Thread 0x0000020ed0a699e0 nmethod 3474 0x0000020ed4416390 code [0x0000020ed4416520, 0x0000020ed4416640]
Event: 42.741 Thread 0x0000020ed0a699e0 3476       3       org.eclipse.osgi.container.ModuleWire::getProvider (5 bytes)
Event: 42.741 Thread 0x0000020ed0a699e0 nmethod 3476 0x0000020ed4416710 code [0x0000020ed44168a0, 0x0000020ed44169c0]
Event: 42.741 Thread 0x0000020ed0a699e0 3472       1       org.eclipse.osgi.container.ModuleCapability::getResource (5 bytes)

GC Heap History (10 events):
Event: 3.305 GC heap before
{Heap before GC invocations=1 (full 0):
 PSYoungGen      total 29696K, used 25600K [0x00000000d5580000, 0x00000000d7680000, 0x0000000100000000)
  eden space 25600K, 100% used [0x00000000d5580000,0x00000000d6e80000,0x00000000d6e80000)
  from space 4096K, 0% used [0x00000000d7280000,0x00000000d7280000,0x00000000d7680000)
  to   space 4096K, 0% used [0x00000000d6e80000,0x00000000d6e80000,0x00000000d7280000)
 ParOldGen       total 68608K, used 0K [0x0000000080000000, 0x0000000084300000, 0x00000000d5580000)
  object space 68608K, 0% used [0x0000000080000000,0x0000000080000000,0x0000000084300000)
 Metaspace       used 4365K, committed 4608K, reserved 1114112K
  class space    used 474K, committed 576K, reserved 1048576K
}
Event: 3.327 GC heap after
{Heap after GC invocations=1 (full 0):
 PSYoungGen      total 29696K, used 3303K [0x00000000d5580000, 0x00000000d7680000, 0x0000000100000000)
  eden space 25600K, 0% used [0x00000000d5580000,0x00000000d5580000,0x00000000d6e80000)
  from space 4096K, 80% used [0x00000000d6e80000,0x00000000d71b9e98,0x00000000d7280000)
  to   space 4096K, 0% used [0x00000000d7280000,0x00000000d7280000,0x00000000d7680000)
 ParOldGen       total 68608K, used 0K [0x0000000080000000, 0x0000000084300000, 0x00000000d5580000)
  object space 68608K, 0% used [0x0000000080000000,0x0000000080000000,0x0000000084300000)
 Metaspace       used 4365K, committed 4608K, reserved 1114112K
  class space    used 474K, committed 576K, reserved 1048576K
}
Event: 22.611 GC heap before
{Heap before GC invocations=2 (full 0):
 PSYoungGen      total 29696K, used 28903K [0x00000000d5580000, 0x00000000d7680000, 0x0000000100000000)
  eden space 25600K, 100% used [0x00000000d5580000,0x00000000d6e80000,0x00000000d6e80000)
  from space 4096K, 80% used [0x00000000d6e80000,0x00000000d71b9e98,0x00000000d7280000)
  to   space 4096K, 0% used [0x00000000d7280000,0x00000000d7280000,0x00000000d7680000)
 ParOldGen       total 68608K, used 0K [0x0000000080000000, 0x0000000084300000, 0x00000000d5580000)
  object space 68608K, 0% used [0x0000000080000000,0x0000000080000000,0x0000000084300000)
 Metaspace       used 8011K, committed 8320K, reserved 1114112K
  class space    used 831K, committed 960K, reserved 1048576K
}
Event: 22.619 GC heap after
{Heap after GC invocations=2 (full 0):
 PSYoungGen      total 29696K, used 4070K [0x00000000d5580000, 0x00000000d7680000, 0x0000000100000000)
  eden space 25600K, 0% used [0x00000000d5580000,0x00000000d5580000,0x00000000d6e80000)
  from space 4096K, 99% used [0x00000000d7280000,0x00000000d7679800,0x00000000d7680000)
  to   space 4096K, 0% used [0x00000000d6e80000,0x00000000d6e80000,0x00000000d7280000)
 ParOldGen       total 68608K, used 2051K [0x0000000080000000, 0x0000000084300000, 0x00000000d5580000)
  object space 68608K, 2% used [0x0000000080000000,0x0000000080200ec8,0x0000000084300000)
 Metaspace       used 8011K, committed 8320K, reserved 1114112K
  class space    used 831K, committed 960K, reserved 1048576K
}
Event: 29.758 GC heap before
{Heap before GC invocations=3 (full 0):
 PSYoungGen      total 29696K, used 29670K [0x00000000d5580000, 0x00000000d7680000, 0x0000000100000000)
  eden space 25600K, 100% used [0x00000000d5580000,0x00000000d6e80000,0x00000000d6e80000)
  from space 4096K, 99% used [0x00000000d7280000,0x00000000d7679800,0x00000000d7680000)
  to   space 4096K, 0% used [0x00000000d6e80000,0x00000000d6e80000,0x00000000d7280000)
 ParOldGen       total 68608K, used 2051K [0x0000000080000000, 0x0000000084300000, 0x00000000d5580000)
  object space 68608K, 2% used [0x0000000080000000,0x0000000080200ec8,0x0000000084300000)
 Metaspace       used 9515K, committed 9920K, reserved 1114112K
  class space    used 1014K, committed 1152K, reserved 1048576K
}
Event: 29.766 GC heap after
{Heap after GC invocations=3 (full 0):
 PSYoungGen      total 29696K, used 4091K [0x00000000d5580000, 0x00000000d7680000, 0x0000000100000000)
  eden space 25600K, 0% used [0x00000000d5580000,0x00000000d5580000,0x00000000d6e80000)
  from space 4096K, 99% used [0x00000000d6e80000,0x00000000d727ef58,0x00000000d7280000)
  to   space 4096K, 0% used [0x00000000d7280000,0x00000000d7280000,0x00000000d7680000)
 ParOldGen       total 68608K, used 4763K [0x0000000080000000, 0x0000000084300000, 0x00000000d5580000)
  object space 68608K, 6% used [0x0000000080000000,0x00000000804a6c50,0x0000000084300000)
 Metaspace       used 9515K, committed 9920K, reserved 1114112K
  class space    used 1014K, committed 1152K, reserved 1048576K
}
Event: 41.551 GC heap before
{Heap before GC invocations=4 (full 0):
 PSYoungGen      total 29696K, used 29691K [0x00000000d5580000, 0x00000000d7680000, 0x0000000100000000)
  eden space 25600K, 100% used [0x00000000d5580000,0x00000000d6e80000,0x00000000d6e80000)
  from space 4096K, 99% used [0x00000000d6e80000,0x00000000d727ef58,0x00000000d7280000)
  to   space 4096K, 0% used [0x00000000d7280000,0x00000000d7280000,0x00000000d7680000)
 ParOldGen       total 68608K, used 4763K [0x0000000080000000, 0x0000000084300000, 0x00000000d5580000)
  object space 68608K, 6% used [0x0000000080000000,0x00000000804a6c50,0x0000000084300000)
 Metaspace       used 11380K, committed 11776K, reserved 1114112K
  class space    used 1183K, committed 1344K, reserved 1048576K
}
Event: 41.558 GC heap after
{Heap after GC invocations=4 (full 0):
 PSYoungGen      total 29696K, used 4064K [0x00000000d5580000, 0x00000000d7680000, 0x0000000100000000)
  eden space 25600K, 0% used [0x00000000d5580000,0x00000000d5580000,0x00000000d6e80000)
  from space 4096K, 99% used [0x00000000d7280000,0x00000000d7678258,0x00000000d7680000)
  to   space 4096K, 0% used [0x00000000d6e80000,0x00000000d6e80000,0x00000000d7280000)
 ParOldGen       total 68608K, used 7063K [0x0000000080000000, 0x0000000084300000, 0x00000000d5580000)
  object space 68608K, 10% used [0x0000000080000000,0x00000000806e5ee0,0x0000000084300000)
 Metaspace       used 11380K, committed 11776K, reserved 1114112K
  class space    used 1183K, committed 1344K, reserved 1048576K
}
Event: 42.130 GC heap before
{Heap before GC invocations=5 (full 0):
 PSYoungGen      total 29696K, used 29664K [0x00000000d5580000, 0x00000000d7680000, 0x0000000100000000)
  eden space 25600K, 100% used [0x00000000d5580000,0x00000000d6e80000,0x00000000d6e80000)
  from space 4096K, 99% used [0x00000000d7280000,0x00000000d7678258,0x00000000d7680000)
  to   space 4096K, 0% used [0x00000000d6e80000,0x00000000d6e80000,0x00000000d7280000)
 ParOldGen       total 68608K, used 7063K [0x0000000080000000, 0x0000000084300000, 0x00000000d5580000)
  object space 68608K, 10% used [0x0000000080000000,0x00000000806e5ee0,0x0000000084300000)
 Metaspace       used 15275K, committed 15872K, reserved 1114112K
  class space    used 1568K, committed 1792K, reserved 1048576K
}
Event: 42.136 GC heap after
{Heap after GC invocations=5 (full 0):
 PSYoungGen      total 29184K, used 4073K [0x00000000d5580000, 0x00000000d7a00000, 0x0000000100000000)
  eden space 25088K, 0% used [0x00000000d5580000,0x00000000d5580000,0x00000000d6e00000)
  from space 4096K, 99% used [0x00000000d6e80000,0x00000000d727a7b8,0x00000000d7280000)
  to   space 6144K, 0% used [0x00000000d7400000,0x00000000d7400000,0x00000000d7a00000)
 ParOldGen       total 68608K, used 8223K [0x0000000080000000, 0x0000000084300000, 0x00000000d5580000)
  object space 68608K, 11% used [0x0000000080000000,0x0000000080807f20,0x0000000084300000)
 Metaspace       used 15275K, committed 15872K, reserved 1114112K
  class space    used 1568K, committed 1792K, reserved 1048576K
}

Dll operation events (10 events):
Event: 0.034 Loaded shared library c:\Users\Personnel\.vscode\extensions\redhat.java-1.53.0-win32-x64\jre\21.0.10-win32-x86_64\bin\java.dll
Event: 0.419 Loaded shared library c:\Users\Personnel\.vscode\extensions\redhat.java-1.53.0-win32-x64\jre\21.0.10-win32-x86_64\bin\zip.dll
Event: 0.463 Loaded shared library C:\Users\Personnel\.vscode\extensions\redhat.java-1.53.0-win32-x64\jre\21.0.10-win32-x86_64\bin\instrument.dll
Event: 0.612 Loaded shared library C:\Users\Personnel\.vscode\extensions\redhat.java-1.53.0-win32-x64\jre\21.0.10-win32-x86_64\bin\net.dll
Event: 0.738 Loaded shared library C:\Users\Personnel\.vscode\extensions\redhat.java-1.53.0-win32-x64\jre\21.0.10-win32-x86_64\bin\nio.dll
Event: 0.745 Loaded shared library C:\Users\Personnel\.vscode\extensions\redhat.java-1.53.0-win32-x64\jre\21.0.10-win32-x86_64\bin\zip.dll
Event: 0.795 Loaded shared library C:\Users\Personnel\.vscode\extensions\redhat.java-1.53.0-win32-x64\jre\21.0.10-win32-x86_64\bin\jimage.dll
Event: 1.134 Loaded shared library c:\Users\Personnel\.vscode\extensions\redhat.java-1.53.0-win32-x64\jre\21.0.10-win32-x86_64\bin\verify.dll
Event: 24.358 Loaded shared library C:\Users\Personnel\AppData\Roaming\Code\User\globalStorage\redhat.java\1.53.0\config_win\org.eclipse.equinox.launcher\org.eclipse.equinox.launcher.win32.win32.x86_64_1.3.0.v20260203-2149\eclipse_11919.dll
Event: 42.460 Loaded shared library C:\Users\Personnel\AppData\Local\Temp\jna--1437797888\jna10190120216637242434.dll

Deoptimization events (20 events):
Event: 42.323 Thread 0x0000020ee83cac90 Uncommon trap: trap_request=0xffffff45 fr.pc=0x0000020edb86ac1c relative=0x00000000000005dc
Event: 42.323 Thread 0x0000020ee83cac90 Uncommon trap: reason=unstable_if action=reinterpret pc=0x0000020edb86ac1c method=java.io.BufferedInputStream.implRead([BII)I @ 55 c2
Event: 42.323 Thread 0x0000020ee83cac90 DEOPT PACKING pc=0x0000020edb86ac1c sp=0x000000919d4f8e40
Event: 42.323 Thread 0x0000020ee83cac90 DEOPT UNPACKING pc=0x0000020edb293aa2 sp=0x000000919d4f8e18 mode 2
Event: 42.338 Thread 0x0000020ee83cac90 Uncommon trap: trap_request=0xffffff45 fr.pc=0x0000020edb8acd30 relative=0x0000000000000250
Event: 42.338 Thread 0x0000020ee83cac90 Uncommon trap: reason=unstable_if action=reinterpret pc=0x0000020edb8acd30 method=java.io.WinNTFileSystem.normalize(Ljava/lang/String;)Ljava/lang/String; @ 128 c2
Event: 42.338 Thread 0x0000020ee83cac90 DEOPT PACKING pc=0x0000020edb8acd30 sp=0x000000919d4f75d0
Event: 42.338 Thread 0x0000020ee83cac90 DEOPT UNPACKING pc=0x0000020edb293aa2 sp=0x000000919d4f7548 mode 2
Event: 42.340 Thread 0x0000020ee83cac90 Uncommon trap: trap_request=0xffffff45 fr.pc=0x0000020edb81bf08 relative=0x00000000000006e8
Event: 42.340 Thread 0x0000020ee83cac90 Uncommon trap: reason=unstable_if action=reinterpret pc=0x0000020edb81bf08 method=java.lang.String.replace(Ljava/lang/CharSequence;Ljava/lang/CharSequence;)Ljava/lang/String; @ 42 c2
Event: 42.340 Thread 0x0000020ee83cac90 DEOPT PACKING pc=0x0000020edb81bf08 sp=0x000000919d4f76c0
Event: 42.340 Thread 0x0000020ee83cac90 DEOPT UNPACKING pc=0x0000020edb293aa2 sp=0x000000919d4f7640 mode 2
Event: 42.524 Thread 0x0000020ee83cac90 Uncommon trap: trap_request=0xffffff45 fr.pc=0x0000020edb95a7a8 relative=0x0000000000000088
Event: 42.524 Thread 0x0000020ee83cac90 Uncommon trap: reason=unstable_if action=reinterpret pc=0x0000020edb95a7a8 method=java.lang.ref.SoftReference.get()Ljava/lang/Object; @ 6 c2
Event: 42.524 Thread 0x0000020ee83cac90 DEOPT PACKING pc=0x0000020edb95a7a8 sp=0x000000919d4f95c0
Event: 42.524 Thread 0x0000020ee83cac90 DEOPT UNPACKING pc=0x0000020edb293aa2 sp=0x000000919d4f9558 mode 2
Event: 42.542 Thread 0x0000020ee8bfd160 Uncommon trap: trap_request=0xffffff45 fr.pc=0x0000020edb8d9060 relative=0x00000000000000c0
Event: 42.542 Thread 0x0000020ee8bfd160 Uncommon trap: reason=unstable_if action=reinterpret pc=0x0000020edb8d9060 method=java.util.concurrent.locks.ReentrantLock$NonfairSync.initialTryLock()Z @ 25 c2
Event: 42.542 Thread 0x0000020ee8bfd160 DEOPT PACKING pc=0x0000020edb8d9060 sp=0x000000919d9fdfc0
Event: 42.542 Thread 0x0000020ee8bfd160 DEOPT UNPACKING pc=0x0000020edb293aa2 sp=0x000000919d9fdf40 mode 2

Classes loaded (20 events):
Event: 42.517 Loading class java/util/function/LongUnaryOperator
Event: 42.518 Loading class java/util/function/LongUnaryOperator done
Event: 42.518 Loading class java/lang/ThreadDeath
Event: 42.518 Loading class java/lang/ThreadDeath done
Event: 42.528 Loading class java/util/stream/SortedOps$SizedRefSortingSink
Event: 42.528 Loading class java/util/stream/SortedOps$SizedRefSortingSink done
Event: 42.554 Loading class java/util/concurrent/atomic/Striped64$1
Event: 42.554 Loading class java/util/concurrent/atomic/Striped64$1 done
Event: 42.624 Loading class java/util/BitSet
Event: 42.624 Loading class java/util/BitSet done
Event: 42.630 Loading class sun/net/www/protocol/jrt/JavaRuntimeURLConnection
Event: 42.630 Loading class sun/net/www/protocol/jrt/JavaRuntimeURLConnection done
Event: 42.631 Loading class sun/net/www/protocol/jrt/JavaRuntimeURLConnection$1
Event: 42.631 Loading class sun/net/www/protocol/jrt/JavaRuntimeURLConnection$1 done
Event: 42.665 Loading class java/util/function/UnaryOperator
Event: 42.666 Loading class java/util/function/UnaryOperator done
Event: 42.667 Loading class java/util/ServiceConfigurationError
Event: 42.667 Loading class java/util/ServiceConfigurationError done
Event: 42.688 Loading class java/lang/InheritableThreadLocal
Event: 42.688 Loading class java/lang/InheritableThreadLocal done

Classes unloaded (0 events):
No events

Classes redefined (0 events):
No events

Internal exceptions (20 events):
Event: 42.228 Thread 0x0000020ee83cac90 Exception <a 'java/lang/NoSuchMethodError'{0x00000000d591e608}: 'java.lang.Object java.lang.invoke.DirectMethodHandle$Holder.newInvokeSpecial(java.lang.Object, java.lang.Object, java.lang.Object, java.lang.Object, java.lang.Object)'> (0x00000000d591e608) 
thrown [s\src\hotspot\share\interpreter\linkResolver.cpp, line 773]
Event: 42.297 Thread 0x0000020ee83cac90 Exception <a 'java/lang/NoSuchMethodError'{0x00000000d5b6d300}: 'java.lang.Object java.lang.invoke.DirectMethodHandle$Holder.invokeStaticInit(java.lang.Object, int)'> (0x00000000d5b6d300) 
thrown [s\src\hotspot\share\interpreter\linkResolver.cpp, line 773]
Event: 42.345 Thread 0x0000020ee83cac90 Exception <a 'java/lang/NoSuchMethodError'{0x00000000d5dd90b8}: 'java.lang.Object java.lang.invoke.DirectMethodHandle$Holder.invokeStaticInit(java.lang.Object, int, int, int, int)'> (0x00000000d5dd90b8) 
thrown [s\src\hotspot\share\interpreter\linkResolver.cpp, line 773]
Event: 42.369 Thread 0x0000020ee83cac90 Exception <a 'java/lang/NoSuchMethodError'{0x00000000d5eba430}: 'java.lang.Object java.lang.invoke.DirectMethodHandle$Holder.invokeStaticInit(java.lang.Object, java.lang.Object, int, int, int, int)'> (0x00000000d5eba430) 
thrown [s\src\hotspot\share\interpreter\linkResolver.cpp, line 773]
Event: 42.477 Thread 0x0000020ee83cac90 Exception <a 'java/lang/NoSuchMethodError'{0x00000000d5fcde68}: 'void java.lang.invoke.DirectMethodHandle$Holder.invokeSpecial(java.lang.Object, java.lang.Object, java.lang.Object, int)'> (0x00000000d5fcde68) 
thrown [s\src\hotspot\share\interpreter\linkResolver.cpp, line 773]
Event: 42.477 Thread 0x0000020ee83cac90 Exception <a 'java/lang/NoSuchMethodError'{0x00000000d5fd17f8}: 'void java.lang.invoke.DelegatingMethodHandle$Holder.reinvoke_L(java.lang.Object, java.lang.Object, int)'> (0x00000000d5fd17f8) 
thrown [s\src\hotspot\share\interpreter\linkResolver.cpp, line 773]
Event: 42.478 Thread 0x0000020ee83cac90 Exception <a 'java/lang/NoSuchMethodError'{0x00000000d5fd8790}: 'int java.lang.invoke.Invokers$Holder.invokeExact_MT(java.lang.Object, java.lang.Object, java.lang.Object)'> (0x00000000d5fd8790) 
thrown [s\src\hotspot\share\interpreter\linkResolver.cpp, line 773]
Event: 42.499 Thread 0x0000020ee83cac90 Exception <a 'java/lang/NoSuchMethodError'{0x00000000d60f93e0}: 'void java.lang.invoke.Invokers$Holder.invokeExact_MT(java.lang.Object, java.lang.Object, int, java.lang.Object)'> (0x00000000d60f93e0) 
thrown [s\src\hotspot\share\interpreter\linkResolver.cpp, line 773]
Event: 42.515 Thread 0x0000020ee83cac90 Exception <a 'java/lang/NoSuchMethodError'{0x00000000d6203658}: 'java.lang.Object java.lang.invoke.DirectMethodHandle$Holder.invokeSpecial(java.lang.Object, java.lang.Object, java.lang.Object, long, java.lang.Object)'> (0x00000000d6203658) 
thrown [s\src\hotspot\share\interpreter\linkResolver.cpp, line 773]
Event: 42.516 Thread 0x0000020ee83cac90 Exception <a 'java/lang/NoSuchMethodError'{0x00000000d620aea0}: 'java.lang.Object java.lang.invoke.DirectMethodHandle$Holder.newInvokeSpecial(java.lang.Object, java.lang.Object, java.lang.Object, long)'> (0x00000000d620aea0) 
thrown [s\src\hotspot\share\interpreter\linkResolver.cpp, line 773]
Event: 42.516 Thread 0x0000020ee83cac90 Exception <a 'java/lang/NoSuchMethodError'{0x00000000d620f250}: 'java.lang.Object java.lang.invoke.DirectMethodHandle$Holder.invokeSpecial(java.lang.Object, java.lang.Object, java.lang.Object, java.lang.Object, long)'> (0x00000000d620f250) 
thrown [s\src\hotspot\share\interpreter\linkResolver.cpp, line 773]
Event: 42.517 Thread 0x0000020ee83cac90 Exception <a 'java/lang/NoSuchMethodError'{0x00000000d6212e70}: 'java.lang.Object java.lang.invoke.Invokers$Holder.linkToTargetMethod(java.lang.Object, java.lang.Object, long, java.lang.Object)'> (0x00000000d6212e70) 
thrown [s\src\hotspot\share\interpreter\linkResolver.cpp, line 773]
Event: 42.526 Thread 0x0000020ee83cac90 Exception <a 'java/lang/NoSuchMethodError'{0x00000000d6274290}: 'int java.lang.invoke.DirectMethodHandle$Holder.invokeStaticInit(java.lang.Object, java.lang.Object, java.lang.Object)'> (0x00000000d6274290) 
thrown [s\src\hotspot\share\interpreter\linkResolver.cpp, line 773]
Event: 42.537 Thread 0x0000020ee83cac90 Exception <a 'java/lang/IncompatibleClassChangeError'{0x00000000d6337970}: Found class java.lang.Object, but interface was expected> (0x00000000d6337970) 
thrown [s\src\hotspot\share\interpreter\linkResolver.cpp, line 840]
Event: 42.538 Thread 0x0000020ee83cac90 Exception <a 'java/lang/NoSuchMethodError'{0x00000000d6347508}: 'java.lang.Object java.lang.invoke.DirectMethodHandle$Holder.invokeSpecial(java.lang.Object, java.lang.Object, java.lang.Object, int, java.lang.Object, java.lang.Object)'> (0x00000000d6347508) 
thrown [s\src\hotspot\share\interpreter\linkResolver.cpp, line 773]
Event: 42.539 Thread 0x0000020ee83cac90 Exception <a 'java/lang/NoSuchMethodError'{0x00000000d634ef20}: 'java.lang.Object java.lang.invoke.DirectMethodHandle$Holder.newInvokeSpecial(java.lang.Object, java.lang.Object, java.lang.Object, int, java.lang.Object)'> (0x00000000d634ef20) 
thrown [s\src\hotspot\share\interpreter\linkResolver.cpp, line 773]
Event: 42.539 Thread 0x0000020ee83cac90 Exception <a 'java/lang/NoSuchMethodError'{0x00000000d6352ea0}: 'java.lang.Object java.lang.invoke.DirectMethodHandle$Holder.invokeSpecial(java.lang.Object, java.lang.Object, java.lang.Object, java.lang.Object, int, java.lang.Object)'> (0x00000000d6352ea0) 
thrown [s\src\hotspot\share\interpreter\linkResolver.cpp, line 773]
Event: 42.539 Thread 0x0000020ee83cac90 Exception <a 'java/lang/NoSuchMethodError'{0x00000000d63569e0}: 'java.lang.Object java.lang.invoke.Invokers$Holder.linkToTargetMethod(java.lang.Object, java.lang.Object, int, java.lang.Object, java.lang.Object)'> (0x00000000d63569e0) 
thrown [s\src\hotspot\share\interpreter\linkResolver.cpp, line 773]
Event: 42.540 Thread 0x0000020ee8bfd160 Exception <a 'java/lang/NoSuchMethodError'{0x00000000d62986e8}: 'java.lang.Object java.lang.invoke.DirectMethodHandle$Holder.invokeSpecial(java.lang.Object, java.lang.Object, int, java.lang.Object, java.lang.Object)'> (0x00000000d62986e8) 
thrown [s\src\hotspot\share\interpreter\linkResolver.cpp, line 773]
Event: 42.556 Thread 0x0000020ee83cac90 Exception <a 'java/lang/NoSuchMethodError'{0x00000000d645b440}: 'void java.lang.invoke.DirectMethodHandle$Holder.invokeSpecial(java.lang.Object, java.lang.Object, java.lang.Object, java.lang.Object, java.lang.Object)'> (0x00000000d645b440) 
thrown [s\src\hotspot\share\interpreter\linkResolver.cpp, line 773]

ZGC Phase Switch (0 events):
No events

VM Operations (20 events):
Event: 41.437 Executing safepoint VM operation: Cleanup
Event: 41.437 Executing safepoint VM operation: Cleanup done
Event: 41.551 Executing safepoint VM operation: ParallelGCFailedAllocation (Allocation Failure)
Event: 41.558 Executing safepoint VM operation: ParallelGCFailedAllocation (Allocation Failure) done
Event: 41.599 Executing non-safepoint VM operation: HandshakeAllThreads (Deoptimize)
Event: 41.599 Executing non-safepoint VM operation: HandshakeAllThreads (Deoptimize) done
Event: 42.130 Executing safepoint VM operation: ParallelGCFailedAllocation (Allocation Failure)
Event: 42.136 Executing safepoint VM operation: ParallelGCFailedAllocation (Allocation Failure) done
Event: 42.155 Executing non-safepoint VM operation: HandshakeAllThreads (Deoptimize)
Event: 42.155 Executing non-safepoint VM operation: HandshakeAllThreads (Deoptimize) done
Event: 42.364 Executing non-safepoint VM operation: HandshakeAllThreads (Deoptimize)
Event: 42.364 Executing non-safepoint VM operation: HandshakeAllThreads (Deoptimize) done
Event: 42.467 Executing non-safepoint VM operation: HandshakeAllThreads (Deoptimize)
Event: 42.467 Executing non-safepoint VM operation: HandshakeAllThreads (Deoptimize) done
Event: 42.632 Executing non-safepoint VM operation: HandshakeAllThreads (Deoptimize)
Event: 42.632 Executing non-safepoint VM operation: HandshakeAllThreads (Deoptimize) done
Event: 42.696 Executing non-safepoint VM operation: HandshakeAllThreads (Deoptimize)
Event: 42.696 Executing non-safepoint VM operation: HandshakeAllThreads (Deoptimize) done
Event: 42.706 Executing non-safepoint VM operation: HandshakeAllThreads (Deoptimize)
Event: 42.706 Executing non-safepoint VM operation: HandshakeAllThreads (Deoptimize) done

Memory protections (0 events):
No events

Nmethod flushes (0 events):
No events

Events (20 events):
Event: 4.278 Thread 0x0000020ee89a7b20 Thread exited: 0x0000020ee89a7b20
Event: 5.049 Thread 0x0000020ece87ca60 Thread added: 0x0000020ee8a4c050
Event: 24.241 Thread 0x0000020ece87ca60 Thread added: 0x0000020ee8a9adf0
Event: 24.428 Thread 0x0000020ee8a9adf0 Thread added: 0x0000020ee83d7d10
Event: 24.438 Thread 0x0000020ece87ca60 Thread added: 0x0000020ee83cac90
Event: 24.789 Thread 0x0000020ed0a699e0 Thread added: 0x0000020ed0a56020
Event: 25.751 Thread 0x0000020ed0a56020 Thread exited: 0x0000020ed0a56020
Event: 29.769 Thread 0x0000020ed0a699e0 Thread added: 0x0000020eed2ca430
Event: 29.904 Thread 0x0000020ee83cac90 Thread added: 0x0000020eed154280
Event: 30.281 Thread 0x0000020eed2ca430 Thread exited: 0x0000020eed2ca430
Event: 35.110 Thread 0x0000020ed0a699e0 Thread added: 0x0000020ee8657100
Event: 35.921 Thread 0x0000020ee8657100 Thread exited: 0x0000020ee8657100
Event: 41.588 Thread 0x0000020ee83cac90 Thread added: 0x0000020ee8bfe510
Event: 41.724 Thread 0x0000020ed0a699e0 Thread added: 0x0000020eed207da0
Event: 41.991 Thread 0x0000020ee83cac90 Thread added: 0x0000020ee8bfff50
Event: 42.479 Thread 0x0000020eed207da0 Thread exited: 0x0000020eed207da0
Event: 42.485 Thread 0x0000020ee83cac90 Thread added: 0x0000020ee8c005e0
Event: 42.520 Thread 0x0000020ee83cac90 Thread added: 0x0000020ee8bfd160
Event: 42.541 Thread 0x0000020ee83cac90 Thread added: 0x0000020ee8bfeba0
Event: 42.654 Thread 0x0000020ed0a699e0 Thread added: 0x0000020ee82894b0


Dynamic libraries:
0x00007ff6076a0000 - 0x00007ff6076ae000 	c:\Users\Personnel\.vscode\extensions\redhat.java-1.53.0-win32-x64\jre\21.0.10-win32-x86_64\bin\java.exe
0x00007ffcdd1b0000 - 0x00007ffcdd3a8000 	C:\WINDOWS\SYSTEM32\ntdll.dll
0x00007ffcdcc10000 - 0x00007ffcdccd2000 	C:\WINDOWS\System32\KERNEL32.DLL
0x00007ffcdaec0000 - 0x00007ffcdb1b7000 	C:\WINDOWS\System32\KERNELBASE.dll
0x00007ffcda950000 - 0x00007ffcdaa50000 	C:\WINDOWS\System32\ucrtbase.dll
0x00007ffcbbb80000 - 0x00007ffcbbb98000 	c:\Users\Personnel\.vscode\extensions\redhat.java-1.53.0-win32-x64\jre\21.0.10-win32-x86_64\bin\jli.dll
0x00007ffcdb3b0000 - 0x00007ffcdb54d000 	C:\WINDOWS\System32\USER32.dll
0x00007ffcdae90000 - 0x00007ffcdaeb2000 	C:\WINDOWS\System32\win32u.dll
0x00007ffcdbce0000 - 0x00007ffcdbd0b000 	C:\WINDOWS\System32\GDI32.dll
0x00007ffcda830000 - 0x00007ffcda94a000 	C:\WINDOWS\System32\gdi32full.dll
0x00007ffcdad40000 - 0x00007ffcdaddd000 	C:\WINDOWS\System32\msvcp_win.dll
0x00007ffcb8890000 - 0x00007ffcb88ae000 	c:\Users\Personnel\.vscode\extensions\redhat.java-1.53.0-win32-x64\jre\21.0.10-win32-x86_64\bin\VCRUNTIME140.dll
0x00007ffcc0930000 - 0x00007ffcc0bcb000 	C:\WINDOWS\WinSxS\amd64_microsoft.windows.common-controls_6595b64144ccf1df_6.0.19041.6926_none_60b5a53971f8f7e6\COMCTL32.dll
0x00007ffcdbbb0000 - 0x00007ffcdbc4e000 	C:\WINDOWS\System32\msvcrt.dll
0x00007ffcdcef0000 - 0x00007ffcdcf1f000 	C:\WINDOWS\System32\IMM32.DLL
0x00007ffcd0110000 - 0x00007ffcd011c000 	c:\Users\Personnel\.vscode\extensions\redhat.java-1.53.0-win32-x64\jre\21.0.10-win32-x86_64\bin\vcruntime140_1.dll
0x00007ffc92cf0000 - 0x00007ffc92d7d000 	c:\Users\Personnel\.vscode\extensions\redhat.java-1.53.0-win32-x64\jre\21.0.10-win32-x86_64\bin\msvcp140.dll
0x00007ffc8f240000 - 0x00007ffc8ffe1000 	c:\Users\Personnel\.vscode\extensions\redhat.java-1.53.0-win32-x64\jre\21.0.10-win32-x86_64\bin\server\jvm.dll
0x00007ffcdbe40000 - 0x00007ffcdbef1000 	C:\WINDOWS\System32\ADVAPI32.dll
0x00007ffcdbb10000 - 0x00007ffcdbbaf000 	C:\WINDOWS\System32\sechost.dll
0x00007ffcdbd10000 - 0x00007ffcdbe36000 	C:\WINDOWS\System32\RPCRT4.dll
0x00007ffcdaae0000 - 0x00007ffcdab07000 	C:\WINDOWS\System32\bcrypt.dll
0x00007ffcdd100000 - 0x00007ffcdd16b000 	C:\WINDOWS\System32\WS2_32.dll
0x00007ffcda690000 - 0x00007ffcda6db000 	C:\WINDOWS\SYSTEM32\POWRPROF.dll
0x00007ffcc06a0000 - 0x00007ffcc06c7000 	C:\WINDOWS\SYSTEM32\WINMM.dll
0x00007ffcd2750000 - 0x00007ffcd275a000 	C:\WINDOWS\SYSTEM32\VERSION.dll
0x00007ffcda670000 - 0x00007ffcda682000 	C:\WINDOWS\SYSTEM32\UMPDC.dll
0x00007ffcd8670000 - 0x00007ffcd8682000 	C:\WINDOWS\SYSTEM32\kernel.appcore.dll
0x00007ffcc9bf0000 - 0x00007ffcc9bfa000 	c:\Users\Personnel\.vscode\extensions\redhat.java-1.53.0-win32-x64\jre\21.0.10-win32-x86_64\bin\jimage.dll
0x00007ffcd7bb0000 - 0x00007ffcd7db1000 	C:\WINDOWS\SYSTEM32\DBGHELP.DLL
0x00007ffcc80f0000 - 0x00007ffcc8124000 	C:\WINDOWS\SYSTEM32\dbgcore.DLL
0x00007ffcdaa50000 - 0x00007ffcdaad2000 	C:\WINDOWS\System32\bcryptPrimitives.dll
0x00007ffcc57d0000 - 0x00007ffcc57df000 	c:\Users\Personnel\.vscode\extensions\redhat.java-1.53.0-win32-x64\jre\21.0.10-win32-x86_64\bin\instrument.dll
0x00007ffca4710000 - 0x00007ffca4730000 	c:\Users\Personnel\.vscode\extensions\redhat.java-1.53.0-win32-x64\jre\21.0.10-win32-x86_64\bin\java.dll
0x00007ffcdc430000 - 0x00007ffcdcba1000 	C:\WINDOWS\System32\SHELL32.dll
0x00007ffcd8870000 - 0x00007ffcd9016000 	C:\WINDOWS\SYSTEM32\windows.storage.dll
0x00007ffcdc030000 - 0x00007ffcdc383000 	C:\WINDOWS\System32\combase.dll
0x00007ffcda0b0000 - 0x00007ffcda0db000 	C:\WINDOWS\SYSTEM32\Wldp.dll
0x00007ffcdd030000 - 0x00007ffcdd0fd000 	C:\WINDOWS\System32\OLEAUT32.dll
0x00007ffcdb300000 - 0x00007ffcdb3ad000 	C:\WINDOWS\System32\SHCORE.dll
0x00007ffcdcbb0000 - 0x00007ffcdcc0b000 	C:\WINDOWS\System32\shlwapi.dll
0x00007ffcda760000 - 0x00007ffcda784000 	C:\WINDOWS\SYSTEM32\profapi.dll
0x00007ffca4300000 - 0x00007ffca4318000 	c:\Users\Personnel\.vscode\extensions\redhat.java-1.53.0-win32-x64\jre\21.0.10-win32-x86_64\bin\zip.dll
0x00007ffcc5330000 - 0x00007ffcc5340000 	C:\Users\Personnel\.vscode\extensions\redhat.java-1.53.0-win32-x64\jre\21.0.10-win32-x86_64\bin\net.dll
0x00007ffccb650000 - 0x00007ffccb75a000 	C:\WINDOWS\SYSTEM32\WINHTTP.dll
0x00007ffcd9e60000 - 0x00007ffcd9eca000 	C:\WINDOWS\system32\mswsock.dll
0x00007ffca3ee0000 - 0x00007ffca3ef6000 	C:\Users\Personnel\.vscode\extensions\redhat.java-1.53.0-win32-x64\jre\21.0.10-win32-x86_64\bin\nio.dll
0x00007ffcc5070000 - 0x00007ffcc5080000 	c:\Users\Personnel\.vscode\extensions\redhat.java-1.53.0-win32-x64\jre\21.0.10-win32-x86_64\bin\verify.dll
0x00007ffc9dc90000 - 0x00007ffc9dcd5000 	C:\Users\Personnel\AppData\Roaming\Code\User\globalStorage\redhat.java\1.53.0\config_win\org.eclipse.equinox.launcher\org.eclipse.equinox.launcher.win32.win32.x86_64_1.3.0.v20260203-2149\eclipse_11919.dll
0x00007ffcdbf00000 - 0x00007ffcdc02b000 	C:\WINDOWS\System32\ole32.dll
0x00007ffcda0f0000 - 0x00007ffcda108000 	C:\WINDOWS\SYSTEM32\CRYPTSP.dll
0x00007ffcd97a0000 - 0x00007ffcd97d8000 	C:\WINDOWS\system32\rsaenh.dll
0x00007ffcda6e0000 - 0x00007ffcda70e000 	C:\WINDOWS\SYSTEM32\USERENV.dll
0x00007ffcda020000 - 0x00007ffcda02c000 	C:\WINDOWS\SYSTEM32\CRYPTBASE.dll
0x00007ffcd9b60000 - 0x00007ffcd9b9b000 	C:\WINDOWS\SYSTEM32\IPHLPAPI.DLL
0x00007ffcdc420000 - 0x00007ffcdc428000 	C:\WINDOWS\System32\NSI.dll
0x00007ffca35b0000 - 0x00007ffca35f9000 	C:\Users\Personnel\AppData\Local\Temp\jna--1437797888\jna10190120216637242434.dll
0x00007ffcdb570000 - 0x00007ffcdb578000 	C:\WINDOWS\System32\PSAPI.DLL

JVMTI agents:
c:\Users\Personnel\.vscode\extensions\redhat.java-1.53.0-win32-x64\lombok\lombok-1.18.39-4050.jar path:c:\Users\Personnel\.vscode\extensions\redhat.java-1.53.0-win32-x64\jre\21.0.10-win32-x86_64\bin\instrument.dll, loaded, initialized, instrumentlib options:none

dbghelp: loaded successfully - version: 4.0.5 - missing functions: none
symbol engine: initialized successfully - sym options: 0x614 - pdb path: .;c:\Users\Personnel\.vscode\extensions\redhat.java-1.53.0-win32-x64\jre\21.0.10-win32-x86_64\bin;C:\WINDOWS\SYSTEM32;C:\WINDOWS\WinSxS\amd64_microsoft.windows.common-controls_6595b64144ccf1df_6.0.19041.6926_none_60b5a53971f8f7e6;c:\Users\Personnel\.vscode\extensions\redhat.java-1.53.0-win32-x64\jre\21.0.10-win32-x86_64\bin\server;C:\Users\Personnel\AppData\Roaming\Code\User\globalStorage\redhat.java\1.53.0\config_win\org.eclipse.equinox.launcher\org.eclipse.equinox.launcher.win32.win32.x86_64_1.3.0.v20260203-2149;C:\Users\Personnel\AppData\Local\Temp\jna--1437797888

VM Arguments:
jvm_args: --add-modules=ALL-SYSTEM --add-opens=java.base/java.util=ALL-UNNAMED --add-opens=java.base/java.lang=ALL-UNNAMED --add-opens=java.base/sun.nio.fs=ALL-UNNAMED -Declipse.application=org.eclipse.jdt.ls.core.id1 -Dosgi.bundles.defaultStartLevel=4 -Declipse.product=org.eclipse.jdt.ls.core.product -Djava.import.generatesMetadataFilesAtProjectRoot=false -DDetectVMInstallationsJob.disabled=true -Dfile.encoding=utf8 -XX:+UseParallelGC -XX:GCTimeRatio=4 -XX:AdaptiveSizePolicyWeight=90 -Dsun.zip.disableMemoryMapping=true -Xmx2G -Xms100m -Xlog:disable -javaagent:c:\Users\Personnel\.vscode\extensions\redhat.java-1.53.0-win32-x64\lombok\lombok-1.18.39-4050.jar -XX:+HeapDumpOnOutOfMemoryError -XX:HeapDumpPath=c:\Users\Personnel\AppData\Roaming\Code\User\workspaceStorage\c63ea72f8be5b159b88fd908e83bf3c1\redhat.java -Daether.dependencyCollector.impl=bf 
java_command: c:\Users\Personnel\.vscode\extensions\redhat.java-1.53.0-win32-x64\server\plugins\org.eclipse.equinox.launcher_1.7.100.v20251111-0406.jar -configuration c:\Users\Personnel\AppData\Roaming\Code\User\globalStorage\redhat.java\1.53.0\config_win -data c:\Users\Personnel\AppData\Roaming\Code\User\workspaceStorage\c63ea72f8be5b159b88fd908e83bf3c1\redhat.java\jdt_ws --pipe=\\.\pipe\lsp-601cf0d412b4752aca09b078007aeb5a-sock
java_class_path (initial): c:\Users\Personnel\.vscode\extensions\redhat.java-1.53.0-win32-x64\server\plugins\org.eclipse.equinox.launcher_1.7.100.v20251111-0406.jar
Launcher Type: SUN_STANDARD

[Global flags]
    uintx AdaptiveSizePolicyWeight                 = 90                                        {product} {command line}
     intx CICompilerCount                          = 3                                         {product} {ergonomic}
    uintx GCTimeRatio                              = 4                                         {product} {command line}
     bool HeapDumpOnOutOfMemoryError               = true                                   {manageable} {command line}
    ccstr HeapDumpPath                             = c:\Users\Personnel\AppData\Roaming\Code\User\workspaceStorage\c63ea72f8be5b159b88fd908e83bf3c1\redhat.java         {manageable} {command line}
   size_t InitialHeapSize                          = 104857600                                 {product} {command line}
   size_t MaxHeapSize                              = 2147483648                                {product} {command line}
   size_t MaxNewSize                               = 715653120                                 {product} {ergonomic}
   size_t MinHeapDeltaBytes                        = 524288                                    {product} {ergonomic}
   size_t MinHeapSize                              = 104857600                                 {product} {command line}
   size_t NewSize                                  = 34603008                                  {product} {ergonomic}
    uintx NonNMethodCodeHeapSize                   = 5832780                                {pd product} {ergonomic}
    uintx NonProfiledCodeHeapSize                  = 122912730                              {pd product} {ergonomic}
   size_t OldSize                                  = 70254592                                  {product} {ergonomic}
    uintx ProfiledCodeHeapSize                     = 122912730                              {pd product} {ergonomic}
    uintx ReservedCodeCacheSize                    = 251658240                              {pd product} {ergonomic}
     bool SegmentedCodeCache                       = true                                      {product} {ergonomic}
   size_t SoftMaxHeapSize                          = 2147483648                             {manageable} {ergonomic}
     bool UseCompressedOops                        = true                           {product lp64_product} {ergonomic}
     bool UseLargePagesIndividualAllocation        = false                                  {pd product} {ergonomic}
     bool UseParallelGC                            = true                                      {product} {command line}

Logging:
Log output configuration:
 #0: stdout all=off uptime,level,tags foldmultilines=false
 #1: stderr all=off uptime,level,tags foldmultilines=false

Release file:
JAVA_VERSION="21.0.10" 
MODULES="java.base java.compiler java.datatransfer java.xml java.prefs java.desktop java.instrument java.logging java.management java.security.sasl java.naming java.rmi java.management.rmi java.net.http java.scripting java.security.jgss java.transaction.xa java.sql java.sql.rowset java.xml.crypto java.se java.smartcardio jdk.accessibility jdk.internal.jvmstat jdk.attach jdk.charsets jdk.internal.opt jdk.zipfs jdk.compiler jdk.crypto.ec jdk.crypto.cryptoki jdk.crypto.mscapi jdk.dynalink jdk.internal.ed jdk.editpad jdk.hotspot.agent jdk.httpserver jdk.internal.le jdk.internal.vm.ci jdk.internal.vm.compiler jdk.internal.vm.compiler.management jdk.jartool jdk.javadoc jdk.jcmd jdk.management jdk.management.agent jdk.jconsole jdk.jdeps jdk.jdwp.agent jdk.jdi jdk.jfr jdk.jshell jdk.jsobject jdk.jstatd jdk.localedata jdk.management.jfr jdk.naming.dns jdk.naming.rmi jdk.net jdk.nio.mapmode jdk.random jdk.sctp jdk.security.auth jdk.security.jgss jdk.unsupported jdk.unsupported.desktop jdk.xml.dom" 

Environment Variables:
PATH=C:\Users\Personnel\AppData\Local\Programs\Microsoft VS Code;C:\Program Files\Common Files\Oracle\Java\javapath;C:\Program Files (x86)\Common Files\Oracle\Java\java8path;C:\Program Files (x86)\Common Files\Oracle\Java\javapath;C:\Program Files\Microsoft\jdk-11.0.16.101-hotspot\bin;C:\WINDOWS\system32;C:\WINDOWS;C:\WINDOWS\System32\Wbem;C:\WINDOWS\System32\WindowsPowerShell\v1.0\;C:\WINDOWS\System32\OpenSSH\;C:\Program Files\Microsoft SQL Server\150\Tools\Binn\;C:\Program Files\Microsoft SQL Server\Client SDK\ODBC\170\Tools\Binn\;C:\laragon\bin\php\php-8.3.16-Win32-vs16-x64;C:\laragon\bin\composer;C:\laragon\bin\php\php-8.1.10-Win32-vs16-x64;C:\Program Files\Azure Data Studio\bin;C:\Program Files\Microsoft SQL Server\120\Tools\Binn\;C:\Program Files\Microsoft SQL Server\Client SDK\ODBC\110\Tools\Binn\;C:\Program Files (x86)\Microsoft SQL Server\120\Tools\Binn\;C:\Program Files\Microsoft SQL Server\120\DTS\Binn\;C:\Program Files (x86)\Microsoft SQL Server\120\Tools\Binn\ManagementStudio\;C:\Program Files (x86)\Microsoft SQL Server\120\DTS\Binn\;C:\ProgramData\chocolatey\bin;C:\Program Files\nodejs\;C:\Program Files\Git\cmd;C:\Users\Personnel\.config\herd-lite\bin;C:\Users\Personnel\AppData\Local\Programs\Python\Launcher\;C:\Users\Personnel\AppData\Local\Microsoft\WindowsApps;C:\Users\Personnel\AppData\Local\Programs\Microsoft VS Code\bin;C:\laragon\bin\php\php-8.1.10-Win32-vs16-x64;C:\Program Files\Azure Data Studio\bin;C:\Users\Personnel\AppData\Local\GitHubDesktop\bin;C:\Users\Personnel\AppData\Roaming\npm
USERNAME=Personnel
OS=Windows_NT
PROCESSOR_IDENTIFIER=Intel64 Family 6 Model 78 Stepping 3, GenuineIntel
TMP=C:\Users\PERSON~1\AppData\Local\Temp
TEMP=C:\Users\PERSON~1\AppData\Local\Temp




Periodic native trim disabled

---------------  S Y S T E M  ---------------

OS:
 Windows 10 , 64 bit Build 19041 (10.0.19041.6807)
OS uptime: 2 days 9:20 hours
Hyper-V role detected

CPU: total 4 (initial active 4) (2 cores per cpu, 2 threads per core) family 6 model 78 stepping 3 microcode 0xec, cx8, cmov, fxsr, ht, mmx, 3dnowpref, sse, sse2, sse3, ssse3, sse4.1, sse4.2, popcnt, lzcnt, tsc, tscinvbit, avx, avx2, aes, erms, clmul, bmi1, bmi2, rtm, adx, fma, vzeroupper, clflush, clflushopt, hv, rdtscp, f16c
Processor Information for the first 4 processors :
  Max Mhz: 2808, Current Mhz: 2607, Mhz Limit: 2583

Memory: 4k page, system-wide physical 16265M (7475M free)
TotalPageFile size 40368M (AvailPageFile size 3M)
current process WorkingSet (physical memory assigned to process): 141M, peak: 142M
current process commit charge ("private bytes"): 271M, peak: 272M

vm_info: OpenJDK 64-Bit Server VM (21.0.10+7-LTS) for windows-amd64 JRE (21.0.10+7-LTS), built on 2026-01-20T00:00:00Z by "admin" with MS VC++ 17.12 (VS2022)

END.
